Archive member included to satisfy reference by file (symbol)

./arduino_build_437602/core/core.a(exc.S.o)
                              (__exc_nmi)
./arduino_build_437602/core/core.a(isrs.S.o)
                              (__stm32reservedexception7)
./arduino_build_437602/core/core.a(vector_table.S.o)
                              (__stm32_vector_table)
./arduino_build_437602/core/core.a(adc.c.o)
                              ./arduino_build_437602/core/wirish/boards.cpp.o (adc_set_sample_rate)
./arduino_build_437602/core/core.a(adc_f1.c.o)
                              ./arduino_build_437602/core/core.a(vector_table.S.o) (__irq_adc)
./arduino_build_437602/core/core.a(dma_f1.c.o)
                              ./arduino_build_437602/core/core.a(vector_table.S.o) (__irq_dma1_channel1)
./arduino_build_437602/core/core.a(exti.c.o)
                              ./arduino_build_437602/core/core.a(vector_table.S.o) (__irq_exti0)
./arduino_build_437602/core/core.a(exti_f1.c.o)
                              ./arduino_build_437602/core/core.a(exti.c.o) (exti_select)
./arduino_build_437602/core/core.a(flash.c.o)
                              ./arduino_build_437602/core/wirish/boards.cpp.o (flash_set_latency)
./arduino_build_437602/core/core.a(gpio_f1.c.o)
                              ./arduino_build_437602/core/wirish/boards_setup.cpp.o (gpio_init_all)
./arduino_build_437602/core/core.a(i2c_f1.c.o)
                              ./arduino_build_437602/core/core.a(vector_table.S.o) (__irq_i2c1_ev)
./arduino_build_437602/core/core.a(iwdg.c.o)
                              ./arduino_build_437602/libraries/USBComposite/USBCompositeSerial.cpp.o (iwdg_init)
./arduino_build_437602/core/core.a(nvic.c.o)
                              ./arduino_build_437602/core/core.a(i2c_f1.c.o) (nvic_irq_set_priority)
./arduino_build_437602/core/core.a(rcc.c.o)
                              ./arduino_build_437602/core/wirish/boards.cpp.o (rcc_switch_sysclk)
./arduino_build_437602/core/core.a(rcc_f1.c.o)
                              ./arduino_build_437602/core/wirish/boards.cpp.o (rcc_configure_pll)
./arduino_build_437602/core/core.a(systick.c.o)
                              ./arduino_build_437602/core/wirish/boards.cpp.o (systick_init)
./arduino_build_437602/core/core.a(timer.c.o)
                              ./arduino_build_437602/core/wirish/boards.cpp.o (timer_foreach)
./arduino_build_437602/core/core.a(usart_f1.c.o)
                              ./arduino_build_437602/core/core.a(vector_table.S.o) (__irq_usart1)
./arduino_build_437602/core/core.a(usart_private.c.o)
                              ./arduino_build_437602/core/core.a(usart_f1.c.o) (_usart_clock_freq)
./arduino_build_437602/core/core.a(usb.c.o)
                              ./arduino_build_437602/libraries/USBComposite/usb_generic.c.o (usb_init_usblib)
./arduino_build_437602/core/core.a(usb_cdcacm.c.o)
                              ./arduino_build_437602/libraries/USBComposite/usb_generic.c.o (User_Standard_Requests)
./arduino_build_437602/core/core.a(usb_reg_map.c.o)
                              ./arduino_build_437602/libraries/USBComposite/usb_generic.c.o (usb_set_ep_rx_count)
./arduino_build_437602/core/core.a(usb_core.c.o)
                              ./arduino_build_437602/libraries/USBComposite/usb_generic.c.o (Standard_GetDescriptorData)
./arduino_build_437602/core/core.a(usb_init.c.o)
                              ./arduino_build_437602/core/core.a(usb.c.o) (Device_Info)
./arduino_build_437602/core/core.a(usb_mem.c.o)
                              ./arduino_build_437602/core/core.a(usb_core.c.o) (UserToPMABufferCopy)
./arduino_build_437602/core/core.a(usb_regs.c.o)
                              ./arduino_build_437602/core/core.a(usb_core.c.o) (SetEPTxStatus)
./arduino_build_437602/core/core.a(util.c.o)
                              ./arduino_build_437602/core/core.a(exc.S.o) (__error)
./arduino_build_437602/core/core.a(HardwareSerial.cpp.o)
                              ./arduino_build_437602/core/board.cpp.o (HardwareSerial::HardwareSerial(usart_dev*, unsigned char, unsigned char))
./arduino_build_437602/core/core.a(Print.cpp.o)
                              ./arduino_build_437602/libraries/USBComposite/Keyboard.cpp.o (Print::write(void const*, unsigned long))
./arduino_build_437602/core/core.a(cxxabi-compat.cpp.o)
                              ./arduino_build_437602/core/core.a(Print.cpp.o) (__cxa_pure_virtual)
./arduino_build_437602/core/core.a(main.cpp.o)
                              /home/richard/.arduino15/packages/arduino/tools/arm-none-eabi-gcc/7-2017q4/bin/../lib/gcc/arm-none-eabi/7.2.1/../../../../arm-none-eabi/lib/thumb/v7-m/crt0.o (main)
./arduino_build_437602/core/core.a(wirish_debug.cpp.o)
                              ./arduino_build_437602/core/board.cpp.o (disableDebugPorts())
./arduino_build_437602/core/core.a(wirish_digital_f1.cpp.o)
[...]
Memory Configuration

Name             Origin             Length             Attributes
ram              0x0000000020000000 0x0000000000005000 xrw
rom              0x0000000008002000 0x000000000001e000 xr
*default*        0x0000000000000000 0xffffffffffffffff

Linker script and memory map

LOAD /home/richard/.arduino15/packages/arduino/tools/arm-none-eabi-gcc/7-2017q4/bin/../lib/gcc/arm-none-eabi/7.2.1/thumb/v7-m/crti.o
LOAD /home/richard/.arduino15/packages/arduino/tools/arm-none-eabi-gcc/7-2017q4/bin/../lib/gcc/arm-none-eabi/7.2.1/thumb/v7-m/crtbegin.o
LOAD /home/richard/.arduino15/packages/arduino/tools/arm-none-eabi-gcc/7-2017q4/bin/../lib/gcc/arm-none-eabi/7.2.1/../../../../arm-none-eabi/lib/thumb/v7-m/crt0.o
LOAD /home/richard/.arduino15/packages/arduino/tools/arm-none-eabi-gcc/7-2017q4/bin/../lib/gcc/arm-none-eabi/7.2.1/thumb/v7-m/libgcc.a
START GROUP
LOAD ./arduino_build_437602/sketch/USBMidiHidPedalBoard.ino.cpp.o
LOAD ./arduino_build_437602/libraries/USBComposite/MinSysex.c.o
LOAD ./arduino_build_437602/libraries/USBComposite/usb_audio.c.o
LOAD ./arduino_build_437602/libraries/USBComposite/usb_composite_serial.c.o
LOAD ./arduino_build_437602/libraries/USBComposite/usb_generic.c.o
LOAD ./arduino_build_437602/libraries/USBComposite/usb_hid.c.o
LOAD ./arduino_build_437602/libraries/USBComposite/usb_mass.c.o
LOAD ./arduino_build_437602/libraries/USBComposite/usb_mass_mal.c.o
LOAD ./arduino_build_437602/libraries/USBComposite/usb_midi_device.c.o
LOAD ./arduino_build_437602/libraries/USBComposite/usb_multi_serial.c.o
LOAD ./arduino_build_437602/libraries/USBComposite/usb_multi_x360.c.o
LOAD ./arduino_build_437602/libraries/USBComposite/usb_scsi.c.o
LOAD ./arduino_build_437602/libraries/USBComposite/usb_scsi_data.c.o
LOAD ./arduino_build_437602/libraries/USBComposite/usb_x360_generic.c.o
LOAD ./arduino_build_437602/libraries/USBComposite/usb_x360w.c.o
LOAD ./arduino_build_437602/libraries/USBComposite/AbsMouse.cpp.o
LOAD ./arduino_build_437602/libraries/USBComposite/Consumer.cpp.o
LOAD ./arduino_build_437602/libraries/USBComposite/Digitizer.cpp.o
LOAD ./arduino_build_437602/libraries/USBComposite/HIDReports.cpp.o
LOAD ./arduino_build_437602/libraries/USBComposite/Joystick.cpp.o
LOAD ./arduino_build_437602/libraries/USBComposite/Keyboard.cpp.o
LOAD ./arduino_build_437602/libraries/USBComposite/Mouse.cpp.o
LOAD ./arduino_build_437602/libraries/USBComposite/USBAudio.cpp.o
LOAD ./arduino_build_437602/libraries/USBComposite/USBComposite.cpp.o
LOAD ./arduino_build_437602/libraries/USBComposite/USBCompositeSerial.cpp.o
LOAD ./arduino_build_437602/libraries/USBComposite/USBHID.cpp.o
LOAD ./arduino_build_437602/libraries/USBComposite/USBMIDI.cpp.o
LOAD ./arduino_build_437602/libraries/USBComposite/USBMassStorage.cpp.o
LOAD ./arduino_build_437602/libraries/USBComposite/USBMultiSerial.cpp.o
LOAD ./arduino_build_437602/libraries/USBComposite/USBMultiXBox360.cpp.o
LOAD ./arduino_build_437602/libraries/USBComposite/USBXBox360Reporter.cpp.o
LOAD ./arduino_build_437602/libraries/USBComposite/USBXBox360W.cpp.o
LOAD ./arduino_build_437602/libraries/USBComposite/usb_setup.cpp.o
LOAD ./arduino_build_437602/core/wirish/start.S.o
LOAD ./arduino_build_437602/core/wirish/start_c.c.o
LOAD ./arduino_build_437602/core/wirish/syscalls.c.o
LOAD ./arduino_build_437602/core/board.cpp.o
LOAD ./arduino_build_437602/core/wirish/boards.cpp.o
LOAD ./arduino_build_437602/core/wirish/boards_setup.cpp.o
LOAD ./arduino_build_437602/core/core.a
END GROUP
LOAD /home/richard/.arduino15/packages/arduino/tools/arm-none-eabi-gcc/7-2017q4/bin/../lib/gcc/arm-none-eabi/7.2.1/../../../../arm-none-eabi/lib/thumb/v7-m/libstdc++_nano.a
LOAD /home/richard/.arduino15/packages/arduino/tools/arm-none-eabi-gcc/7-2017q4/bin/../lib/gcc/arm-none-eabi/7.2.1/../../../../arm-none-eabi/lib/thumb/v7-m/libm.a
START GROUP
LOAD /home/richard/.arduino15/packages/arduino/tools/arm-none-eabi-gcc/7-2017q4/bin/../lib/gcc/arm-none-eabi/7.2.1/thumb/v7-m/libgcc.a
LOAD /home/richard/.arduino15/packages/arduino/tools/arm-none-eabi-gcc/7-2017q4/bin/../lib/gcc/arm-none-eabi/7.2.1/../../../../arm-none-eabi/lib/thumb/v7-m/libc_nano.a
END GROUP
START GROUP
LOAD /home/richard/.arduino15/packages/arduino/tools/arm-none-eabi-gcc/7-2017q4/bin/../lib/gcc/arm-none-eabi/7.2.1/thumb/v7-m/libgcc.a
LOAD /home/richard/.arduino15/packages/arduino/tools/arm-none-eabi-gcc/7-2017q4/bin/../lib/gcc/arm-none-eabi/7.2.1/../../../../arm-none-eabi/lib/thumb/v7-m/libc_nano.a
END GROUP
LOAD /home/richard/.arduino15/packages/arduino/tools/arm-none-eabi-gcc/7-2017q4/bin/../lib/gcc/arm-none-eabi/7.2.1/thumb/v7-m/crtend.o
LOAD /home/richard/.arduino15/packages/arduino/tools/arm-none-eabi-gcc/7-2017q4/bin/../lib/gcc/arm-none-eabi/7.2.1/thumb/v7-m/crtn.o
START GROUP
LOAD /home/richard/.arduino15/packages/arduino/tools/arm-none-eabi-gcc/7-2017q4/bin/../lib/gcc/arm-none-eabi/7.2.1/thumb/v7-m/libgcc.a
LOAD /home/richard/.arduino15/packages/arduino/tools/arm-none-eabi-gcc/7-2017q4/bin/../lib/gcc/arm-none-eabi/7.2.1/../../../../arm-none-eabi/lib/thumb/v7-m/libc.a
LOAD /home/richard/.arduino15/packages/arduino/tools/arm-none-eabi-gcc/7-2017q4/bin/../lib/gcc/arm-none-eabi/7.2.1/../../../../arm-none-eabi/lib/thumb/v7-m/libm.a
END GROUP
START GROUP
LOAD /home/richard/.arduino15/packages/arduino/tools/arm-none-eabi-gcc/7-2017q4/bin/../lib/gcc/arm-none-eabi/7.2.1/../../../../arm-none-eabi/lib/thumb/v7-m/libnosys.a
END GROUP
                0x0000000020005000                PROVIDE (__msp_init, (ORIGIN (ram) + LENGTH (ram)))
                0x0000000008003e20                PROVIDE (__exc_reset, __start__)

.text           0x0000000008002000     0x43dc
                0x0000000008002000                __text_start__ = .
 *(.stm32.interrupt_vector)
 .stm32.interrupt_vector
                0x0000000008002000       0xec ./arduino_build_437602/core/core.a(vector_table.S.o)
                0x0000000008002000                __stm32_vector_table
 *(.text .text.* .gnu.linkonce.t.*)
 .text          0x00000000080020ec       0x40 /home/richard/.arduino15/packages/arduino/tools/arm-none-eabi-gcc/7-2017q4/bin/../lib/gcc/arm-none-eabi/7.2.1/thumb/v7-m/crtbegin.o
 .text._Z5setupv
                0x000000000800212c       0xe8 ./arduino_build_437602/sketch/USBMidiHidPedalBoard.ino.cpp.o
                0x000000000800212c                setup()
 .text._Z11InputChangeii
                0x0000000008002214      0x124 ./arduino_build_437602/sketch/USBMidiHidPedalBoard.ino.cpp.o
                0x0000000008002214                InputChange(int, int)
 .text._Z6IOScanv
                0x0000000008002338      0x32c ./arduino_build_437602/sketch/USBMidiHidPedalBoard.ino.cpp.o
                0x0000000008002338                IOScan()
 .text._Z4loopv
                0x0000000008002664        0x4 ./arduino_build_437602/sketch/USBMidiHidPedalBoard.ino.cpp.o
                0x0000000008002664                loop()
 .text.startup._GLOBAL__sub_I_midi
                0x0000000008002668       0x80 ./arduino_build_437602/sketch/USBMidiHidPedalBoard.ino.cpp.o
 .text.dealWithItQuickly
                0x00000000080026e8       0x28 ./arduino_build_437602/libraries/USBComposite/MinSysex.c.o
                0x00000000080026e8                dealWithItQuickly
 .text.LglSysexHandler
                0x0000000008002710      0x1b4 ./arduino_build_437602/libraries/USBComposite/MinSysex.c.o
                0x0000000008002710                LglSysexHandler
 .text.usbInit  0x00000000080028c4       0x6c ./arduino_build_437602/libraries/USBComposite/usb_generic.c.o
 .text.control_data_tx
                0x0000000008002930       0x40 ./arduino_build_437602/libraries/USBComposite/usb_generic.c.o
 .text.control_data_rx
                0x0000000008002970       0x54 ./arduino_build_437602/libraries/USBComposite/usb_generic.c.o
 .text.usbDataSetup
                0x00000000080029c4       0x68 ./arduino_build_437602/libraries/USBComposite/usb_generic.c.o
 .text.usbNoDataSetup
                0x0000000008002a2c       0x64 ./arduino_build_437602/libraries/USBComposite/usb_generic.c.o
 .text.usbSetConfiguration
                0x0000000008002a90       0x40 ./arduino_build_437602/libraries/USBComposite/usb_generic.c.o
 .text.usbClearFeature
                0x0000000008002ad0       0x28 ./arduino_build_437602/libraries/USBComposite/usb_generic.c.o
 .text.usbSetDeviceAddress
                0x0000000008002af8       0x10 ./arduino_build_437602/libraries/USBComposite/usb_generic.c.o
 .text.usbGetInterfaceSetting
                0x0000000008002b08       0x1c ./arduino_build_437602/libraries/USBComposite/usb_generic.c.o
 .text.usbGetStringDescriptor
                0x0000000008002b24       0x68 ./arduino_build_437602/libraries/USBComposite/usb_generic.c.o
 .text.usbGetConfigDescriptor
                0x0000000008002b8c        0xc ./arduino_build_437602/libraries/USBComposite/usb_generic.c.o
 .text.usbGetDeviceDescriptor
                0x0000000008002b98        0xc ./arduino_build_437602/libraries/USBComposite/usb_generic.c.o
 .text.usbReset
                0x0000000008002ba4      0x260 ./arduino_build_437602/libraries/USBComposite/usb_generic.c.o
 .text.usb_generic_set_parts
                0x0000000008002e04      0x220 ./arduino_build_437602/libraries/USBComposite/usb_generic.c.o
                0x0000000008002e04                usb_generic_set_parts
 .text.usb_generic_set_info
                0x0000000008003024       0x6c ./arduino_build_437602/libraries/USBComposite/usb_generic.c.o
                0x0000000008003024                usb_generic_set_info
 .text.usb_generic_enable
                0x0000000008003090       0xe0 ./arduino_build_437602/libraries/USBComposite/usb_generic.c.o
                0x0000000008003090                usb_generic_enable
 .text.usb_generic_control_tx_setup
                0x0000000008003170       0x30 ./arduino_build_437602/libraries/USBComposite/usb_generic.c.o
                0x0000000008003170                usb_generic_control_tx_setup
 .text.usb_generic_chunks_length
                0x00000000080031a0       0x10 ./arduino_build_437602/libraries/USBComposite/usb_generic.c.o
                0x00000000080031a0                usb_generic_chunks_length
 .text.control_data_chunk_tx
                0x00000000080031b0       0x80 ./arduino_build_437602/libraries/USBComposite/usb_generic.c.o
 .text.usb_generic_control_tx_chunk_setup
                0x0000000008003230       0x20 ./arduino_build_437602/libraries/USBComposite/usb_generic.c.o
                0x0000000008003230                usb_generic_control_tx_chunk_setup
 .text.usb_generic_control_rx_setup
                0x0000000008003250       0x30 ./arduino_build_437602/libraries/USBComposite/usb_generic.c.o
                0x0000000008003250                usb_generic_control_rx_setup
 .text.usb_generic_control_descriptor_tx
                0x0000000008003280        0xa ./arduino_build_437602/libraries/USBComposite/usb_generic.c.o
                0x0000000008003280                usb_generic_control_descriptor_tx
 .text.usb_copy_to_pma_ptr
                0x000000000800328a       0x2e ./arduino_build_437602/libraries/USBComposite/usb_generic.c.o
                0x000000000800328a                usb_copy_to_pma_ptr
 .text.usb_copy_from_pma_ptr
                0x00000000080032b8       0x26 ./arduino_build_437602/libraries/USBComposite/usb_generic.c.o
                0x00000000080032b8                usb_copy_from_pma_ptr
 *fill*         0x00000000080032de        0x2 
 .text.usb_generic_send_from_circular_buffer
                0x00000000080032e0       0xbc ./arduino_build_437602/libraries/USBComposite/usb_generic.c.o
                0x00000000080032e0                usb_generic_send_from_circular_buffer
 .text.usb_hid_find_buffer
                0x000000000800339c       0x3c ./arduino_build_437602/libraries/USBComposite/usb_hid.c.o
 .text.hidUSBReset
                0x00000000080033d8       0x20 ./arduino_build_437602/libraries/USBComposite/usb_hid.c.o
 .text.hidDataTxCb
                0x00000000080033f8       0x34 ./arduino_build_437602/libraries/USBComposite/usb_hid.c.o
 .text.hidUSBDataSetup
                0x000000000800342c       0xac ./arduino_build_437602/libraries/USBComposite/usb_hid.c.o
 .text.getHIDPartDescriptor
                0x00000000080034d8       0x5c ./arduino_build_437602/libraries/USBComposite/usb_hid.c.o
 .text.hidUSBNoDataSetup
                0x0000000008003534       0x1c ./arduino_build_437602/libraries/USBComposite/usb_hid.c.o
 .text.usb_hid_setTXEPSize
                0x0000000008003550       0x1c ./arduino_build_437602/libraries/USBComposite/usb_hid.c.o
                0x0000000008003550                usb_hid_setTXEPSize
 .text.usb_hid_set_report_descriptor
                0x000000000800356c        0xc ./arduino_build_437602/libraries/USBComposite/usb_hid.c.o
                0x000000000800356c                usb_hid_set_report_descriptor
 .text.usb_hid_clear_buffers
                0x0000000008003578       0x30 ./arduino_build_437602/libraries/USBComposite/usb_hid.c.o
                0x0000000008003578                usb_hid_clear_buffers
 .text.usb_hid_clear
                0x00000000080035a8       0x1c ./arduino_build_437602/libraries/USBComposite/usb_hid.c.o
 .text.usb_hid_add_buffer
                0x00000000080035c4       0x68 ./arduino_build_437602/libraries/USBComposite/usb_hid.c.o
                0x00000000080035c4                usb_hid_add_buffer
 .text.usb_hid_tx
                0x000000000800362c       0x60 ./arduino_build_437602/libraries/USBComposite/usb_hid.c.o
                0x000000000800362c                usb_hid_tx
 .text.getMIDIPartDescriptor
                0x000000000800368c       0x64 ./arduino_build_437602/libraries/USBComposite/usb_midi_device.c.o
 .text.midiDataTxCb
                0x00000000080036f0       0x14 ./arduino_build_437602/libraries/USBComposite/usb_midi_device.c.o
 .text.usbMIDIReset
                0x0000000008003704       0x1c ./arduino_build_437602/libraries/USBComposite/usb_midi_device.c.o
 .text.midiDataRxCb
                0x0000000008003720       0x9c ./arduino_build_437602/libraries/USBComposite/usb_midi_device.c.o
 .text.usb_midi_setTXEPSize
                0x00000000080037bc       0x20 ./arduino_build_437602/libraries/USBComposite/usb_midi_device.c.o
                0x00000000080037bc                usb_midi_setTXEPSize
 .text.usb_midi_setRXEPSize
                0x00000000080037dc       0x20 ./arduino_build_437602/libraries/USBComposite/usb_midi_device.c.o
                0x00000000080037dc                usb_midi_setRXEPSize
 .text.usb_midi_tx
                0x00000000080037fc       0x84 ./arduino_build_437602/libraries/USBComposite/usb_midi_device.c.o
                0x00000000080037fc                usb_midi_tx
 .text.usb_midi_is_transmitting
                0x0000000008003880        0xc ./arduino_build_437602/libraries/USBComposite/usb_midi_device.c.o
                0x0000000008003880                usb_midi_is_transmitting
 .text._ZN11HIDKeyboard10releaseAllEv
                0x000000000800388c       0x14 ./arduino_build_437602/libraries/USBComposite/Keyboard.cpp.o
                0x000000000800388c                HIDKeyboard::releaseAll()
 .text._ZN11HIDKeyboard5writeEh
                0x00000000080038a0       0x1c ./arduino_build_437602/libraries/USBComposite/Keyboard.cpp.o
                0x00000000080038a0                HIDKeyboard::write(unsigned char)
 .text._ZN11HIDKeyboard5beginEv
                0x00000000080038bc        0xc ./arduino_build_437602/libraries/USBComposite/Keyboard.cpp.o
                0x00000000080038bc                HIDKeyboard::begin()
 .text._ZN11HIDKeyboard10getKeyCodeEhPh
                0x00000000080038c8       0x68 ./arduino_build_437602/libraries/USBComposite/Keyboard.cpp.o
                0x00000000080038c8                HIDKeyboard::getKeyCode(unsigned char, unsigned char*)
 .text._ZN11HIDKeyboard5pressEh
                0x0000000008003930       0x60 ./arduino_build_437602/libraries/USBComposite/Keyboard.cpp.o
                0x0000000008003930                HIDKeyboard::press(unsigned char)
 .text._ZN11HIDKeyboard7releaseEh
                0x0000000008003990       0x54 ./arduino_build_437602/libraries/USBComposite/Keyboard.cpp.o
                0x0000000008003990                HIDKeyboard::release(unsigned char)
 .text._ZN18USBCompositeDeviceC2Ev
                0x00000000080039e4       0x12 ./arduino_build_437602/libraries/USBComposite/USBComposite.cpp.o
                0x00000000080039e4                USBCompositeDevice::USBCompositeDevice()
                0x00000000080039e4                USBCompositeDevice::USBCompositeDevice()
 .text._ZN18USBCompositeDevice21setManufacturerStringEPKc
                0x00000000080039f6        0x4 ./arduino_build_437602/libraries/USBComposite/USBComposite.cpp.o
                0x00000000080039f6                USBCompositeDevice::setManufacturerString(char const*)
 .text._ZN18USBCompositeDevice16setProductStringEPKc
                0x00000000080039fa        0x4 ./arduino_build_437602/libraries/USBComposite/USBComposite.cpp.o
                0x00000000080039fa                USBCompositeDevice::setProductString(char const*)
 .text._ZN18USBCompositeDevice5beginEv
                0x00000000080039fe       0x5a ./arduino_build_437602/libraries/USBComposite/USBComposite.cpp.o
                0x00000000080039fe                USBCompositeDevice::begin()
 .text._ZN18USBCompositeDevice3addEP16USBCompositePartPvPFbS2_EPFvS2_E
                0x0000000008003a58       0x54 ./arduino_build_437602/libraries/USBComposite/USBComposite.cpp.o
                0x0000000008003a58                USBCompositeDevice::add(USBCompositePart*, void*, bool (*)(void*), void (*)(void*))
 .text.startup._GLOBAL__sub_I__Z17getDeviceIDStringv
                0x0000000008003aac        0xc ./arduino_build_437602/libraries/USBComposite/USBComposite.cpp.o
 .text._ZN6USBHID4initEPS_
                0x0000000008003ab8       0x50 ./arduino_build_437602/libraries/USBComposite/USBHID.cpp.o
                0x0000000008003ab8                USBHID::init(USBHID*)
 .text._ZN6USBHID17registerComponentEv
                0x0000000008003b08       0x24 ./arduino_build_437602/libraries/USBComposite/USBHID.cpp.o
                0x0000000008003b08                USBHID::registerComponent()
 .text._ZN6USBHID9addReportEP11HIDReporterb
                0x0000000008003b2c       0x56 ./arduino_build_437602/libraries/USBComposite/USBHID.cpp.o
                0x0000000008003b2c                USBHID::addReport(HIDReporter*, bool)
 .text._ZN6USBHID19setReportDescriptorEPK19HIDReportDescriptor
                0x0000000008003b82       0x18 ./arduino_build_437602/libraries/USBComposite/USBHID.cpp.o
                0x0000000008003b82                USBHID::setReportDescriptor(HIDReportDescriptor const*)
 .text._ZN6USBHID9addBufferEhPV11HIDBuffer_t
                0x0000000008003b9a       0x12 ./arduino_build_437602/libraries/USBComposite/USBHID.cpp.o
                0x0000000008003b9a                USBHID::addBuffer(unsigned char, HIDBuffer_t volatile*)
 .text._ZN11HIDReporter10sendReportEv
                0x0000000008003bac       0x20 ./arduino_build_437602/libraries/USBComposite/USBHID.cpp.o
                0x0000000008003bac                HIDReporter::sendReport()
 .text._ZN11HIDReporter15registerProfileEb
                0x0000000008003bcc       0x72 ./arduino_build_437602/libraries/USBComposite/USBHID.cpp.o
                0x0000000008003bcc                HIDReporter::registerProfile(bool)
 .text._ZN11HIDReporterC2ER6USBHIDPK19HIDReportDescriptorPhjhb
                0x0000000008003c3e       0x5a ./arduino_build_437602/libraries/USBComposite/USBHID.cpp.o
                0x0000000008003c3e                HIDReporter::HIDReporter(USBHID&, HIDReportDescriptor const*, unsigned char*, unsigned int, unsigned char, bool)
                0x0000000008003c3e                HIDReporter::HIDReporter(USBHID&, HIDReportDescriptor const*, unsigned char*, unsigned int, unsigned char, bool)
 .text._ZN7USBMIDI13handleNoteOffEjjj
                0x0000000008003c98        0x2 ./arduino_build_437602/libraries/USBComposite/USBMIDI.cpp.o
                0x0000000008003c98                USBMIDI::handleNoteOn(unsigned int, unsigned int, unsigned int)
                0x0000000008003c98                USBMIDI::handleVelocityChange(unsigned int, unsigned int, unsigned int)
                0x0000000008003c98                USBMIDI::handleNoteOff(unsigned int, unsigned int, unsigned int)
                0x0000000008003c98                USBMIDI::handleControlChange(unsigned int, unsigned int, unsigned int)
 .text._ZN7USBMIDI19handleProgramChangeEjj
                0x0000000008003c9a        0x2 ./arduino_build_437602/libraries/USBComposite/USBMIDI.cpp.o
                0x0000000008003c9a                USBMIDI::handleProgramChange(unsigned int, unsigned int)
                0x0000000008003c9a                USBMIDI::handleAfterTouch(unsigned int, unsigned int)
 .text._ZN7USBMIDI17handlePitchChangeEj
                0x0000000008003c9c        0x2 ./arduino_build_437602/libraries/USBComposite/USBMIDI.cpp.o
                0x0000000008003c9c                USBMIDI::handleSongPosition(unsigned int)
                0x0000000008003c9c                USBMIDI::handleSongSelect(unsigned int)
                0x0000000008003c9c                USBMIDI::handlePitchChange(unsigned int)
 .text._ZN7USBMIDI17handleTuneRequestEv
                0x0000000008003c9e        0x2 ./arduino_build_437602/libraries/USBComposite/USBMIDI.cpp.o
                0x0000000008003c9e                USBMIDI::handleStart()
                0x0000000008003c9e                USBMIDI::handleStop()
                0x0000000008003c9e                USBMIDI::handleSync()
                0x0000000008003c9e                USBMIDI::handleTuneRequest()
                0x0000000008003c9e                USBMIDI::handleReset()
                0x0000000008003c9e                USBMIDI::handleActiveSense()
                0x0000000008003c9e                USBMIDI::handleContinue()
 .text._ZN7USBMIDI4initEPS_
                0x0000000008003ca0       0x14 ./arduino_build_437602/libraries/USBComposite/USBMIDI.cpp.o
                0x0000000008003ca0                USBMIDI::init(USBMIDI*)
 .text._ZN7USBMIDI17registerComponentEv
                0x0000000008003cb4       0x24 ./arduino_build_437602/libraries/USBComposite/USBMIDI.cpp.o
                0x0000000008003cb4                USBMIDI::registerComponent()
 .text._ZN7USBMIDI11isConnectedEv
                0x0000000008003cd8       0x14 ./arduino_build_437602/libraries/USBComposite/USBMIDI.cpp.o
                0x0000000008003cd8                USBMIDI::isConnected()
 .text._ZN7USBMIDI12writePacketsEPKvm
                0x0000000008003cec       0x68 ./arduino_build_437602/libraries/USBComposite/USBMIDI.cpp.o
                0x0000000008003cec                USBMIDI::writePackets(void const*, unsigned long)
 .text._ZN7USBMIDI11writePacketEm
                0x0000000008003d54       0x16 ./arduino_build_437602/libraries/USBComposite/USBMIDI.cpp.o
                0x0000000008003d54                USBMIDI::writePacket(unsigned long)
 *fill*         0x0000000008003d6a        0x2 
 .text._ZN7USBMIDI11sendNoteOffEjjj
                0x0000000008003d6c       0x24 ./arduino_build_437602/libraries/USBComposite/USBMIDI.cpp.o
                0x0000000008003d6c                USBMIDI::sendNoteOff(unsigned int, unsigned int, unsigned int)
 .text._ZN7USBMIDI10sendNoteOnEjjj
                0x0000000008003d90       0x24 ./arduino_build_437602/libraries/USBComposite/USBMIDI.cpp.o
                0x0000000008003d90                USBMIDI::sendNoteOn(unsigned int, unsigned int, unsigned int)
 .text._ZN7USBMIDI17sendControlChangeEjjj
                0x0000000008003db4       0x24 ./arduino_build_437602/libraries/USBComposite/USBMIDI.cpp.o
                0x0000000008003db4                USBMIDI::sendControlChange(unsigned int, unsigned int, unsigned int)
 .text._ZN6wirish4priv15board_setup_usbEv
                0x0000000008003dd8       0x48 ./arduino_build_437602/libraries/USBComposite/usb_setup.cpp.o
                0x0000000008003dd8                wirish::priv::board_setup_usb()
 .text          0x0000000008003e20       0x10 ./arduino_build_437602/core/wirish/start.S.o
                0x0000000008003e20                __start__
 .text.start_c  0x0000000008003e30       0x54 ./arduino_build_437602/core/wirish/start_c.c.o
                0x0000000008003e30                start_c
 .text._Z9boardInitv
                0x0000000008003e84        0x4 ./arduino_build_437602/core/board.cpp.o
                0x0000000008003e84                boardInit()
 .text.startup._GLOBAL__sub_I__Z9boardInitv
                0x0000000008003e88       0x48 ./arduino_build_437602/core/board.cpp.o
 .text._ZL18adc_default_configP7adc_dev
                0x0000000008003ed0       0x1c ./arduino_build_437602/core/wirish/boards.cpp.o
 .text._ZL20timer_default_configP9timer_dev
                0x0000000008003eec       0xa8 ./arduino_build_437602/core/wirish/boards.cpp.o
 .text._Z4initv
                0x0000000008003f94       0xbc ./arduino_build_437602/core/wirish/boards.cpp.o
                0x0000000008003f94                init()
 .text._ZN6wirish4priv15board_reset_pllEv
                0x0000000008004050        0x2 ./arduino_build_437602/core/wirish/boards_setup.cpp.o
                0x0000000008004050                wirish::priv::board_reset_pll()
 .text._ZN6wirish4priv28board_setup_clock_prescalersEv
                0x0000000008004052       0x2e ./arduino_build_437602/core/wirish/boards_setup.cpp.o
                0x0000000008004052                wirish::priv::board_setup_clock_prescalers()
 .text._ZN6wirish4priv16board_setup_gpioEv
                0x0000000008004080        0x4 ./arduino_build_437602/core/wirish/boards_setup.cpp.o
                0x0000000008004080                wirish::priv::board_setup_gpio()
 .text._ZN6wirish4priv11series_initEv
                0x0000000008004084        0x4 ./arduino_build_437602/core/wirish/boards_setup.cpp.o
                0x0000000008004084                wirish::priv::series_init()
 *fill*         0x0000000008004088        0x8 
 .text          0x0000000008004090       0x54 ./arduino_build_437602/core/core.a(exc.S.o)
                0x0000000008004090                __exc_nmi
                0x0000000008004094                __exc_hardfault
                0x0000000008004098                __exc_memmanage
                0x000000000800409c                __exc_busfault
                0x00000000080040a0                __exc_usagefault
 .text          0x00000000080040e4        0x2 ./arduino_build_437602/core/core.a(isrs.S.o)
                0x00000000080040e4                __stm32reservedexception9
                0x00000000080040e4                __exc_debug_monitor
                0x00000000080040e4                __exc_svc
                0x00000000080040e4                __irq_can_rx1
                0x00000000080040e4                __irq_spi2
                0x00000000080040e4                __irq_can_sce
                0x00000000080040e4                __irq_pvd
                0x00000000080040e4                __irq_tamper
                0x00000000080040e4                __default_handler
                0x00000000080040e4                __irq_wwdg
                0x00000000080040e4                __stm32reservedexception10
                0x00000000080040e4                __irq_flash
                0x00000000080040e4                __stm32reservedexception13
                0x00000000080040e4                __irq_rtc
                0x00000000080040e4                __irq_spi1
                0x00000000080040e4                __stm32reservedexception7
                0x00000000080040e4                __irq_usb_hp_can_tx
                0x00000000080040e4                __irq_rtcalarm
                0x00000000080040e4                __stm32reservedexception8
                0x00000000080040e4                __exc_pendsv
                0x00000000080040e4                __irq_usbwakeup
                0x00000000080040e4                __irq_rcc
 .text.adc_init
                0x00000000080040e6       0x14 ./arduino_build_437602/core/core.a(adc.c.o)
                0x00000000080040e6                adc_init
 .text.adc_set_extsel
                0x00000000080040fa       0x12 ./arduino_build_437602/core/core.a(adc.c.o)
                0x00000000080040fa                adc_set_extsel
 .text.adc_set_sample_rate
                0x000000000800410c       0x2a ./arduino_build_437602/core/core.a(adc.c.o)
                0x000000000800410c                adc_set_sample_rate
 .text.adc_read
                0x0000000008004136       0x20 ./arduino_build_437602/core/core.a(adc.c.o)
                0x0000000008004136                adc_read
 *fill*         0x0000000008004156        0x2 
 .text.__irq_adc
                0x0000000008004158       0x54 ./arduino_build_437602/core/core.a(adc_f1.c.o)
                0x0000000008004158                __irq_adc
 .text.adc_calibrate
                0x00000000080041ac       0x24 ./arduino_build_437602/core/core.a(adc_f1.c.o)
                0x00000000080041ac                adc_calibrate
 .text.adc_set_prescaler
                0x00000000080041d0        0x8 ./arduino_build_437602/core/core.a(adc_f1.c.o)
                0x00000000080041d0                adc_set_prescaler
 .text.adc_foreach
                0x00000000080041d8       0x20 ./arduino_build_437602/core/core.a(adc_f1.c.o)
                0x00000000080041d8                adc_foreach
 .text.adc_enable_single_swstart
                0x00000000080041f8       0x36 ./arduino_build_437602/core/core.a(adc_f1.c.o)
                0x00000000080041f8                adc_enable_single_swstart
 .text.dma_irq_handler
                0x000000000800422e       0x1a ./arduino_build_437602/core/core.a(dma_f1.c.o)
 .text.__irq_dma1_channel1
                0x0000000008004248       0x10 ./arduino_build_437602/core/core.a(dma_f1.c.o)
                0x0000000008004248                __irq_dma1_channel1
 .text.__irq_dma1_channel2
                0x0000000008004258       0x10 ./arduino_build_437602/core/core.a(dma_f1.c.o)
                0x0000000008004258                __irq_dma1_channel2
 .text.__irq_dma1_channel3
                0x0000000008004268       0x10 ./arduino_build_437602/core/core.a(dma_f1.c.o)
                0x0000000008004268                __irq_dma1_channel3
 .text.__irq_dma1_channel4
                0x0000000008004278       0x10 ./arduino_build_437602/core/core.a(dma_f1.c.o)
                0x0000000008004278                __irq_dma1_channel4
 .text.__irq_dma1_channel5
                0x0000000008004288       0x10 ./arduino_build_437602/core/core.a(dma_f1.c.o)
                0x0000000008004288                __irq_dma1_channel5
 .text.__irq_dma1_channel6
                0x0000000008004298       0x10 ./arduino_build_437602/core/core.a(dma_f1.c.o)
                0x0000000008004298                __irq_dma1_channel6
 .text.__irq_dma1_channel7
                0x00000000080042a8       0x10 ./arduino_build_437602/core/core.a(dma_f1.c.o)
                0x00000000080042a8                __irq_dma1_channel7
 .text.dispatch_single_exti
                0x00000000080042b8       0x2c ./arduino_build_437602/core/core.a(exti.c.o)
                0x00000000080042b8                dispatch_single_exti
 .text.dispatch_extis
                0x00000000080042e4       0x4c ./arduino_build_437602/core/core.a(exti.c.o)
                0x00000000080042e4                dispatch_extis
 .text.__irq_exti0
                0x0000000008004330        0x6 ./arduino_build_437602/core/core.a(exti.c.o)
                0x0000000008004330                __irq_exti0
 .text.__irq_exti1
                0x0000000008004336        0x6 ./arduino_build_437602/core/core.a(exti.c.o)
                0x0000000008004336                __irq_exti1
 .text.__irq_exti2
                0x000000000800433c        0x6 ./arduino_build_437602/core/core.a(exti.c.o)
                0x000000000800433c                __irq_exti2
 .text.__irq_exti3
                0x0000000008004342        0x6 ./arduino_build_437602/core/core.a(exti.c.o)
                0x0000000008004342                __irq_exti3
 .text.__irq_exti4
                0x0000000008004348        0x6 ./arduino_build_437602/core/core.a(exti.c.o)
                0x0000000008004348                __irq_exti4
 .text.__irq_exti9_5
                0x000000000800434e        0x8 ./arduino_build_437602/core/core.a(exti.c.o)
                0x000000000800434e                __irq_exti9_5
 .text.__irq_exti15_10
                0x0000000008004356        0x8 ./arduino_build_437602/core/core.a(exti.c.o)
                0x0000000008004356                __irq_exti15_10
 *fill*         0x000000000800435e        0x2 
 .text.flash_set_latency
                0x0000000008004360       0x14 ./arduino_build_437602/core/core.a(flash.c.o)
                0x0000000008004360                flash_set_latency
 .text.gpio_init_all
                0x0000000008004374       0x30 ./arduino_build_437602/core/core.a(gpio_f1.c.o)
                0x0000000008004374                gpio_init_all
 .text.gpio_set_mode
                0x00000000080043a4       0x4e ./arduino_build_437602/core/core.a(gpio_f1.c.o)
                0x00000000080043a4                gpio_set_mode
 .text.afio_init
                0x00000000080043f2       0x12 ./arduino_build_437602/core/core.a(gpio_f1.c.o)
                0x00000000080043f2                afio_init
 .text.__irq_i2c1_ev
                0x0000000008004404        0xc ./arduino_build_437602/core/core.a(i2c_f1.c.o)
                0x0000000008004404                __irq_i2c1_ev
 .text.__irq_i2c2_ev
                0x0000000008004410        0xc ./arduino_build_437602/core/core.a(i2c_f1.c.o)
                0x0000000008004410                __irq_i2c2_ev
 .text.__irq_i2c1_er
                0x000000000800441c        0xc ./arduino_build_437602/core/core.a(i2c_f1.c.o)
                0x000000000800441c                __irq_i2c1_er
 .text.__irq_i2c2_er
                0x0000000008004428        0xc ./arduino_build_437602/core/core.a(i2c_f1.c.o)
                0x0000000008004428                __irq_i2c2_er
 .text.nvic_irq_set_priority
                0x0000000008004434       0x28 ./arduino_build_437602/core/core.a(nvic.c.o)
                0x0000000008004434                nvic_irq_set_priority
 .text.nvic_init
                0x000000000800445c       0x2c ./arduino_build_437602/core/core.a(nvic.c.o)
                0x000000000800445c                nvic_init
 .text.rcc_dev_clk
                0x0000000008004488        0xc ./arduino_build_437602/core/core.a(rcc.c.o)
                0x0000000008004488                rcc_dev_clk
 .text.rcc_switch_sysclk
                0x0000000008004494       0x20 ./arduino_build_437602/core/core.a(rcc.c.o)
                0x0000000008004494                rcc_switch_sysclk
 .text.rcc_turn_on_clk
                0x00000000080044b4       0x18 ./arduino_build_437602/core/core.a(rcc.c.o)
                0x00000000080044b4                rcc_turn_on_clk
 .text.rcc_turn_off_clk
                0x00000000080044cc       0x1c ./arduino_build_437602/core/core.a(rcc.c.o)
                0x00000000080044cc                rcc_turn_off_clk
 .text.rcc_is_clk_ready
                0x00000000080044e8       0x18 ./arduino_build_437602/core/core.a(rcc.c.o)
                0x00000000080044e8                rcc_is_clk_ready
 .text.rcc_configure_pll
                0x0000000008004500       0x1c ./arduino_build_437602/core/core.a(rcc_f1.c.o)
                0x0000000008004500                rcc_configure_pll
 .text.rcc_clk_enable
                0x000000000800451c       0x30 ./arduino_build_437602/core/core.a(rcc_f1.c.o)
                0x000000000800451c                rcc_clk_enable
 .text.rcc_reset_dev
                0x000000000800454c       0x34 ./arduino_build_437602/core/core.a(rcc_f1.c.o)
                0x000000000800454c                rcc_reset_dev
 .text.rcc_set_prescaler
                0x0000000008004580       0x20 ./arduino_build_437602/core/core.a(rcc_f1.c.o)
                0x0000000008004580                rcc_set_prescaler
 .text.rcc_clk_disable
                0x00000000080045a0       0x30 ./arduino_build_437602/core/core.a(rcc_f1.c.o)
                0x00000000080045a0                rcc_clk_disable
 .text.systick_init
                0x00000000080045d0       0x10 ./arduino_build_437602/core/core.a(systick.c.o)
                0x00000000080045d0                systick_init
 .text.__exc_systick
                0x00000000080045e0       0x1c ./arduino_build_437602/core/core.a(systick.c.o)
                0x00000000080045e0                __exc_systick
 .text.timer_oc_set_mode
                0x00000000080045fc       0x32 ./arduino_build_437602/core/core.a(timer.c.o)
 .text.dispatch_general
                0x000000000800462e       0x66 ./arduino_build_437602/core/core.a(timer.c.o)
 .text.timer_cc_enable
                0x0000000008004694       0x1c ./arduino_build_437602/core/core.a(timer.c.o)
 .text.timer_foreach
                0x00000000080046b0       0x2c ./arduino_build_437602/core/core.a(timer.c.o)
                0x00000000080046b0                timer_foreach
 .text.timer_init
                0x00000000080046dc       0x14 ./arduino_build_437602/core/core.a(timer.c.o)
                0x00000000080046dc                timer_init
 .text.timer_has_cc_channel
                0x00000000080046f0       0x30 ./arduino_build_437602/core/core.a(timer.c.o)
                0x00000000080046f0                timer_has_cc_channel
 .text.timer_detach_interrupt
                0x0000000008004720       0x1e ./arduino_build_437602/core/core.a(timer.c.o)
                0x0000000008004720                timer_detach_interrupt
 .text.input_capture_mode
                0x000000000800473e       0x1a ./arduino_build_437602/core/core.a(timer.c.o)
                0x000000000800473e                input_capture_mode
 .text.timer_set_mode
                0x0000000008004758       0x8e ./arduino_build_437602/core/core.a(timer.c.o)
                0x0000000008004758                timer_set_mode
 *fill*         0x00000000080047e6        0x2 
 .text.__irq_tim1_brk
                0x00000000080047e8       0x24 ./arduino_build_437602/core/core.a(timer.c.o)
                0x00000000080047e8                __irq_tim1_brk
 .text.__irq_tim1_up
                0x000000000800480c       0x24 ./arduino_build_437602/core/core.a(timer.c.o)
                0x000000000800480c                __irq_tim1_up
 .text.__irq_tim1_trg_com
                0x0000000008004830       0x34 ./arduino_build_437602/core/core.a(timer.c.o)
                0x0000000008004830                __irq_tim1_trg_com
 .text.__irq_tim1_cc
                0x0000000008004864       0x50 ./arduino_build_437602/core/core.a(timer.c.o)
                0x0000000008004864                __irq_tim1_cc
 .text.__irq_tim2
                0x00000000080048b4        0xc ./arduino_build_437602/core/core.a(timer.c.o)
                0x00000000080048b4                __irq_tim2
 .text.__irq_tim3
                0x00000000080048c0        0xc ./arduino_build_437602/core/core.a(timer.c.o)
                0x00000000080048c0                __irq_tim3
 .text.__irq_tim4
                0x00000000080048cc        0xc ./arduino_build_437602/core/core.a(timer.c.o)
                0x00000000080048cc                __irq_tim4
 .text.usart_irq
                0x00000000080048d8       0xb4 ./arduino_build_437602/core/core.a(usart_f1.c.o)
 .text.__irq_usart1
                0x000000000800498c       0x18 ./arduino_build_437602/core/core.a(usart_f1.c.o)
                0x000000000800498c                __irq_usart1
 .text.__irq_usart2
                0x00000000080049a4       0x18 ./arduino_build_437602/core/core.a(usart_f1.c.o)
                0x00000000080049a4                __irq_usart2
 .text.__irq_usart3
                0x00000000080049bc       0x18 ./arduino_build_437602/core/core.a(usart_f1.c.o)
                0x00000000080049bc                __irq_usart3
 .text.set_rx_tx_status0
                0x00000000080049d4       0x30 ./arduino_build_437602/core/core.a(usb.c.o)
 .text.usb_resume
                0x0000000008004a04       0xb0 ./arduino_build_437602/core/core.a(usb.c.o)
 .text.usb_init_usblib
                0x0000000008004ab4       0x48 ./arduino_build_437602/core/core.a(usb.c.o)
                0x0000000008004ab4                usb_init_usblib
 .text.__irq_usb_lp_can_rx0
                0x0000000008004afc      0x18c ./arduino_build_437602/core/core.a(usb.c.o)
                0x0000000008004afc                __irq_usb_lp_can_rx0
 .text.usb_set_ep_rx_stat
                0x0000000008004c88       0x22 ./arduino_build_437602/core/core.a(usb_cdcacm.c.o)
 *fill*         0x0000000008004caa        0x2 
 .text.vcomGetSetLineCoding
                0x0000000008004cac       0x18 ./arduino_build_437602/core/core.a(usb_cdcacm.c.o)
 .text.usbInit  0x0000000008004cc4       0x44 ./arduino_build_437602/core/core.a(usb_cdcacm.c.o)
 .text.usbNoDataSetup
                0x0000000008004d08       0x50 ./arduino_build_437602/core/core.a(usb_cdcacm.c.o)
 .text.usbGetInterfaceSetting
                0x0000000008004d58       0x10 ./arduino_build_437602/core/core.a(usb_cdcacm.c.o)
 .text.usbSetConfiguration
                0x0000000008004d68       0x1c ./arduino_build_437602/core/core.a(usb_cdcacm.c.o)
 .text.usbSetDeviceAddress
                0x0000000008004d84       0x10 ./arduino_build_437602/core/core.a(usb_cdcacm.c.o)
 .text.usbGetStringDescriptor
                0x0000000008004d94       0x20 ./arduino_build_437602/core/core.a(usb_cdcacm.c.o)
 .text.usbGetConfigDescriptor
                0x0000000008004db4        0xc ./arduino_build_437602/core/core.a(usb_cdcacm.c.o)
 .text.usbGetDeviceDescriptor
                0x0000000008004dc0        0xc ./arduino_build_437602/core/core.a(usb_cdcacm.c.o)
 .text.usbDataSetup
                0x0000000008004dcc       0x54 ./arduino_build_437602/core/core.a(usb_cdcacm.c.o)
 .text.vcomDataTxCb
                0x0000000008004e20       0xa0 ./arduino_build_437602/core/core.a(usb_cdcacm.c.o)
 .text.usb_cdcacm_tx.part.2
                0x0000000008004ec0       0x54 ./arduino_build_437602/core/core.a(usb_cdcacm.c.o)
 .text.usbReset
                0x0000000008004f14      0x15c ./arduino_build_437602/core/core.a(usb_cdcacm.c.o)
 .text.usb_cdcacm_tx
                0x0000000008005070        0xa ./arduino_build_437602/core/core.a(usb_cdcacm.c.o)
                0x0000000008005070                usb_cdcacm_tx
 *fill*         0x000000000800507a        0x2 
 .text.usb_cdcacm_data_available
                0x000000000800507c       0x18 ./arduino_build_437602/core/core.a(usb_cdcacm.c.o)
                0x000000000800507c                usb_cdcacm_data_available
 .text.usb_cdcacm_peek
                0x0000000008005094       0x38 ./arduino_build_437602/core/core.a(usb_cdcacm.c.o)
                0x0000000008005094                usb_cdcacm_peek
 .text.usb_cdcacm_rx
                0x00000000080050cc       0x34 ./arduino_build_437602/core/core.a(usb_cdcacm.c.o)
                0x00000000080050cc                usb_cdcacm_rx
 .text.usb_set_ep_rx_count
                0x0000000008005100       0x44 ./arduino_build_437602/core/core.a(usb_reg_map.c.o)
                0x0000000008005100                usb_set_ep_rx_count
 .text.Standard_GetConfiguration
                0x0000000008005144       0x24 ./arduino_build_437602/core/core.a(usb_core.c.o)
                0x0000000008005144                Standard_GetConfiguration
 .text.Standard_GetInterface
                0x0000000008005168       0x24 ./arduino_build_437602/core/core.a(usb_core.c.o)
                0x0000000008005168                Standard_GetInterface
 .text.Standard_GetStatus
                0x000000000800518c       0x88 ./arduino_build_437602/core/core.a(usb_core.c.o)
                0x000000000800518c                Standard_GetStatus
 .text.DataStageIn
                0x0000000008005214       0xac ./arduino_build_437602/core/core.a(usb_core.c.o)
 .text.Standard_SetConfiguration
                0x00000000080052c0       0x38 ./arduino_build_437602/core/core.a(usb_core.c.o)
                0x00000000080052c0                Standard_SetConfiguration
 .text.Standard_SetInterface
                0x00000000080052f8       0x4c ./arduino_build_437602/core/core.a(usb_core.c.o)
                0x00000000080052f8                Standard_SetInterface
 .text.Standard_ClearFeature
                0x0000000008005344       0xc4 ./arduino_build_437602/core/core.a(usb_core.c.o)
                0x0000000008005344                Standard_ClearFeature
 .text.Standard_SetEndPointFeature
                0x0000000008005408       0x7c ./arduino_build_437602/core/core.a(usb_core.c.o)
                0x0000000008005408                Standard_SetEndPointFeature
 .text.Standard_SetDeviceFeature
                0x0000000008005484       0x24 ./arduino_build_437602/core/core.a(usb_core.c.o)
                0x0000000008005484                Standard_SetDeviceFeature
 .text.Standard_GetDescriptorData
                0x00000000080054a8       0x1c ./arduino_build_437602/core/core.a(usb_core.c.o)
                0x00000000080054a8                Standard_GetDescriptorData
 .text.Post0_Process
                0x00000000080054c4       0x40 ./arduino_build_437602/core/core.a(usb_core.c.o)
                0x00000000080054c4                Post0_Process
 .text.Setup0_Process
                0x0000000008005504      0x2b8 ./arduino_build_437602/core/core.a(usb_core.c.o)
                0x0000000008005504                Setup0_Process
 .text.Out0_Process
                0x00000000080057bc       0xc0 ./arduino_build_437602/core/core.a(usb_core.c.o)
                0x00000000080057bc                Out0_Process
 .text.SetDeviceAddress
                0x000000000800587c       0x38 ./arduino_build_437602/core/core.a(usb_core.c.o)
                0x000000000800587c                SetDeviceAddress
 .text.In0_Process
                0x00000000080058b4       0x5c ./arduino_build_437602/core/core.a(usb_core.c.o)
                0x00000000080058b4                In0_Process
 .text.NOP_Process
                0x0000000008005910        0x2 ./arduino_build_437602/core/core.a(usb_core.c.o)
                0x0000000008005910                NOP_Process
 .text.UserToPMABufferCopy
                0x0000000008005912       0x1e ./arduino_build_437602/core/core.a(usb_mem.c.o)
                0x0000000008005912                UserToPMABufferCopy
 .text.PMAToUserBufferCopy
                0x0000000008005930       0x32 ./arduino_build_437602/core/core.a(usb_mem.c.o)
                0x0000000008005930                PMAToUserBufferCopy
 .text.SetEPTxStatus
                0x0000000008005962       0x2a ./arduino_build_437602/core/core.a(usb_regs.c.o)
                0x0000000008005962                SetEPTxStatus
 .text.ClearDTOG_RX
                0x000000000800598c       0x26 ./arduino_build_437602/core/core.a(usb_regs.c.o)
                0x000000000800598c                ClearDTOG_RX
 .text.ClearDTOG_TX
                0x00000000080059b2       0x26 ./arduino_build_437602/core/core.a(usb_regs.c.o)
                0x00000000080059b2                ClearDTOG_TX
 .text.GetEPTxAddr
                0x00000000080059d8       0x1c ./arduino_build_437602/core/core.a(usb_regs.c.o)
                0x00000000080059d8                GetEPTxAddr
 .text.GetEPRxAddr
                0x00000000080059f4       0x1c ./arduino_build_437602/core/core.a(usb_regs.c.o)
                0x00000000080059f4                GetEPRxAddr
 .text.SetEPTxCount
                0x0000000008005a10       0x1c ./arduino_build_437602/core/core.a(usb_regs.c.o)
                0x0000000008005a10                SetEPTxCount
 .text.SetEPRxCount
                0x0000000008005a2c       0x40 ./arduino_build_437602/core/core.a(usb_regs.c.o)
                0x0000000008005a2c                SetEPRxCount
 .text.throb    0x0000000008005a6c       0x58 ./arduino_build_437602/core/core.a(util.c.o)
                0x0000000008005a6c                throb
 .text.__error  0x0000000008005ac4       0x14 ./arduino_build_437602/core/core.a(util.c.o)
                0x0000000008005ac4                __error
 .text.rb_full_count
                0x0000000008005ad8       0x18 ./arduino_build_437602/core/core.a(HardwareSerial.cpp.o)
 .text._ZN14HardwareSerial4readEv
                0x0000000008005af0       0x38 ./arduino_build_437602/core/core.a(HardwareSerial.cpp.o)
                0x0000000008005af0                HardwareSerial::read()
 .text._ZN14HardwareSerial9availableEv
                0x0000000008005b28        0xc ./arduino_build_437602/core/core.a(HardwareSerial.cpp.o)
                0x0000000008005b28                HardwareSerial::available()
 .text._ZN14HardwareSerial4peekEv
                0x0000000008005b34       0x20 ./arduino_build_437602/core/core.a(HardwareSerial.cpp.o)
                0x0000000008005b34                HardwareSerial::peek()
 .text._ZN14HardwareSerial5flushEv
                0x0000000008005b54       0x18 ./arduino_build_437602/core/core.a(HardwareSerial.cpp.o)
                0x0000000008005b54                HardwareSerial::flush()
 .text._ZN14HardwareSerial5writeEh
                0x0000000008005b6c       0x1e ./arduino_build_437602/core/core.a(HardwareSerial.cpp.o)
                0x0000000008005b6c                HardwareSerial::write(unsigned char)
 *fill*         0x0000000008005b8a        0x2 
 .text._ZN14HardwareSerialC2EP9usart_devhh
                0x0000000008005b8c       0x20 ./arduino_build_437602/core/core.a(HardwareSerial.cpp.o)
                0x0000000008005b8c                HardwareSerial::HardwareSerial(usart_dev*, unsigned char, unsigned char)
                0x0000000008005b8c                HardwareSerial::HardwareSerial(usart_dev*, unsigned char, unsigned char)
 .text._ZN5Print5writeEPKvm
                0x0000000008005bac       0x20 ./arduino_build_437602/core/core.a(Print.cpp.o)
                0x0000000008005bac                Print::write(void const*, unsigned long)
 .text._ZN5Print5writeEPKc
                0x0000000008005bcc       0x20 ./arduino_build_437602/core/core.a(Print.cpp.o)
                0x0000000008005bcc                Print::write(char const*)
 .text.__cxa_pure_virtual
                0x0000000008005bec        0x2 ./arduino_build_437602/core/core.a(cxxabi-compat.cpp.o)
                0x0000000008005bec                __cxa_pure_virtual
 .text.startup._Z7premainv
                0x0000000008005bee        0x4 ./arduino_build_437602/core/core.a(main.cpp.o)
                0x0000000008005bee                premain()
 .text.startup.main
                0x0000000008005bf2        0xc ./arduino_build_437602/core/core.a(main.cpp.o)
                0x0000000008005bf2                main
 *fill*         0x0000000008005bfe        0x2 
 .text._Z17disableDebugPortsv
                0x0000000008005c00       0x14 ./arduino_build_437602/core/core.a(wirish_debug.cpp.o)
                0x0000000008005c00                disableDebugPorts()
 .text._Z7pinModeh13WiringPinMode
                0x0000000008005c14       0x84 ./arduino_build_437602/core/core.a(wirish_digital_f1.cpp.o)
                0x0000000008005c14                pinMode(unsigned char, WiringPinMode)
 .text._ZN9USBSerial9availableEv
                0x0000000008005c98        0x4 ./arduino_build_437602/core/core.a(usb_serial.cpp.o)
                0x0000000008005c98                USBSerial::available()
 .text._ZN9USBSerial4peekEv
                0x0000000008005c9c       0x1e ./arduino_build_437602/core/core.a(usb_serial.cpp.o)
                0x0000000008005c9c                USBSerial::peek()
 .text._ZN9USBSerial4readEv
                0x0000000008005cba       0x1e ./arduino_build_437602/core/core.a(usb_serial.cpp.o)
                0x0000000008005cba                USBSerial::read()
 .text._ZN9USBSerial5writeEPKhm
                0x0000000008005cd8       0x44 ./arduino_build_437602/core/core.a(usb_serial.cpp.o)
                0x0000000008005cd8                USBSerial::write(unsigned char const*, unsigned long)
 .text._ZN9USBSerial5writeEh
                0x0000000008005d1c       0x16 ./arduino_build_437602/core/core.a(usb_serial.cpp.o)
                0x0000000008005d1c                USBSerial::write(unsigned char)
 .text._ZN9USBSerial5writeEPKc
                0x0000000008005d32       0x1a ./arduino_build_437602/core/core.a(usb_serial.cpp.o)
                0x0000000008005d32                USBSerial::write(char const*)
 .text._ZN9USBSerial4readEPhm
                0x0000000008005d4c       0x1c ./arduino_build_437602/core/core.a(usb_serial.cpp.o)
                0x0000000008005d4c                USBSerial::read(unsigned char*, unsigned long)
 .text._ZN9USBSerial5flushEv
                0x0000000008005d68       0x1c ./arduino_build_437602/core/core.a(usb_serial.cpp.o)
                0x0000000008005d68                USBSerial::flush()
 .text.startup._GLOBAL__sub_I__ZN9USBSerial9_hasBegunE
                0x0000000008005d84       0x1c ./arduino_build_437602/core/core.a(usb_serial.cpp.o)
 .text._Z10analogReadh
                0x0000000008005da0       0x18 ./arduino_build_437602/core/core.a(wirish_analog.cpp.o)
                0x0000000008005da0                analogRead(unsigned char)
 .text._Z11digitalReadh
                0x0000000008005db8       0x28 ./arduino_build_437602/core/core.a(wirish_digital.cpp.o)
                0x0000000008005db8                digitalRead(unsigned char)
 .text._Z12digitalWritehh
                0x0000000008005de0       0x2c ./arduino_build_437602/core/core.a(wirish_digital.cpp.o)
                0x0000000008005de0                digitalWrite(unsigned char, unsigned char)
 .text.gpio_init
                0x0000000008005e0c       0x14 ./arduino_build_437602/core/core.a(gpio.c.o)
                0x0000000008005e0c                gpio_init
 .text.i2c_disable_irq
                0x0000000008005e20        0xc ./arduino_build_437602/core/core.a(i2c.c.o)
 .text._i2c_irq_handler
                0x0000000008005e2c      0x3f8 ./arduino_build_437602/core/core.a(i2c.c.o)
                0x0000000008005e2c                _i2c_irq_handler
 .text._i2c_irq_error_handler
                0x0000000008006224       0x74 ./arduino_build_437602/core/core.a(i2c.c.o)
                0x0000000008006224                _i2c_irq_error_handler
 .text.usart_tx
                0x0000000008006298       0x8e ./arduino_build_437602/core/core.a(usart.c.o)
                0x0000000008006298                usart_tx
 *fill*         0x0000000008006326        0x2 
 .text.__libc_init_array
                0x0000000008006328       0x48 /home/richard/.arduino15/packages/arduino/tools/arm-none-eabi-gcc/7-2017q4/bin/../lib/gcc/arm-none-eabi/7.2.1/../../../../arm-none-eabi/lib/thumb/v7-m/libc_nano.a(lib_a-init.o)
                0x0000000008006328                __libc_init_array
 .text.memcpy   0x0000000008006370       0x16 /home/richard/.arduino15/packages/arduino/tools/arm-none-eabi-gcc/7-2017q4/bin/../lib/gcc/arm-none-eabi/7.2.1/../../../../arm-none-eabi/lib/thumb/v7-m/libc_nano.a(lib_a-memcpy-stub.o)
                0x0000000008006370                memcpy
 .text.memset   0x0000000008006386       0x10 /home/richard/.arduino15/packages/arduino/tools/arm-none-eabi-gcc/7-2017q4/bin/../lib/gcc/arm-none-eabi/7.2.1/../../../../arm-none-eabi/lib/thumb/v7-m/libc_nano.a(lib_a-memset.o)
                0x0000000008006386                memset
 .text          0x0000000008006396       0x10 /home/richard/.arduino15/packages/arduino/tools/arm-none-eabi-gcc/7-2017q4/bin/../lib/gcc/arm-none-eabi/7.2.1/../../../../arm-none-eabi/lib/thumb/v7-m/libc_nano.a(lib_a-strlen.o)
                0x0000000008006396                strlen
 *(.plt)
 *(.gnu.warning)
 *(.glue_7t)
 .glue_7t       0x00000000080063a6        0x0 linker stubs
 *(.glue_7)
 .glue_7        0x00000000080063a6        0x0 linker stubs
 *(.vfp11_veneer)
 .vfp11_veneer  0x00000000080063a6        0x0 linker stubs
 *(.ARM.extab* .gnu.linkonce.armextab.*)
 *(.gcc_except_table)
 *(.eh_frame_hdr)
 *(.eh_frame)
 *fill*         0x00000000080063a6        0x2 
 .eh_frame      0x00000000080063a8        0x0 /home/richard/.arduino15/packages/arduino/tools/arm-none-eabi-gcc/7-2017q4/bin/../lib/gcc/arm-none-eabi/7.2.1/thumb/v7-m/crtbegin.o
                0x00000000080063a8                . = ALIGN (0x4)
 *(.init)
 .init          0x00000000080063a8        0x4 /home/richard/.arduino15/packages/arduino/tools/arm-none-eabi-gcc/7-2017q4/bin/../lib/gcc/arm-none-eabi/7.2.1/thumb/v7-m/crti.o
                0x00000000080063a8                _init
 .init          0x00000000080063ac        0x8 /home/richard/.arduino15/packages/arduino/tools/arm-none-eabi-gcc/7-2017q4/bin/../lib/gcc/arm-none-eabi/7.2.1/thumb/v7-m/crtn.o
                0x00000000080063b4                . = ALIGN (0x4)
                0x00000000080063b4                __preinit_array_start = .
 *(.preinit_array)
                0x00000000080063b4                __preinit_array_end = .
                0x00000000080063b4                . = ALIGN (0x4)
                0x00000000080063b4                __init_array_start = .
 *(SORT_BY_NAME(.init_array.*))
 .init_array.00101
                0x00000000080063b4        0x4 ./arduino_build_437602/core/core.a(main.cpp.o)
 *(.init_array)
 .init_array    0x00000000080063b8        0x4 /home/richard/.arduino15/packages/arduino/tools/arm-none-eabi-gcc/7-2017q4/bin/../lib/gcc/arm-none-eabi/7.2.1/thumb/v7-m/crtbegin.o
 .init_array    0x00000000080063bc        0x4 ./arduino_build_437602/sketch/USBMidiHidPedalBoard.ino.cpp.o
 .init_array    0x00000000080063c0        0x4 ./arduino_build_437602/libraries/USBComposite/USBComposite.cpp.o
 .init_array    0x00000000080063c4        0x4 ./arduino_build_437602/core/board.cpp.o
 .init_array    0x00000000080063c8        0x4 ./arduino_build_437602/core/core.a(usb_serial.cpp.o)
                0x00000000080063cc                __init_array_end = .
                0x00000000080063cc                . = ALIGN (0x4)
 *crtbegin.o(.ctors)
 *(EXCLUDE_FILE(*crtend.o) .ctors)
 *(SORT_BY_NAME(.ctors.*))
 *crtend.o(.ctors)
                0x00000000080063cc                . = ALIGN (0x4)
 *(.fini)
 .fini          0x00000000080063cc        0x4 /home/richard/.arduino15/packages/arduino/tools/arm-none-eabi-gcc/7-2017q4/bin/../lib/gcc/arm-none-eabi/7.2.1/thumb/v7-m/crti.o
                0x00000000080063cc                _fini
 .fini          0x00000000080063d0        0x8 /home/richard/.arduino15/packages/arduino/tools/arm-none-eabi-gcc/7-2017q4/bin/../lib/gcc/arm-none-eabi/7.2.1/thumb/v7-m/crtn.o
                0x00000000080063d8                . = ALIGN (0x4)
                0x00000000080063d8                __fini_array_start = .
 *(.fini_array)
 .fini_array    0x00000000080063d8        0x4 /home/richard/.arduino15/packages/arduino/tools/arm-none-eabi-gcc/7-2017q4/bin/../lib/gcc/arm-none-eabi/7.2.1/thumb/v7-m/crtbegin.o
 *(SORT_BY_NAME(.fini_array.*))
                0x00000000080063dc                __fini_array_end = .
 *crtbegin.o(.dtors)
 *(EXCLUDE_FILE(*crtend.o) .dtors)
 *(SORT_BY_NAME(.dtors.*))
 *crtend.o(.dtors)

.v4_bx          0x00000000080063dc        0x0
 .v4_bx         0x00000000080063dc        0x0 linker stubs

.iplt           0x00000000080063dc        0x0
 .iplt          0x00000000080063dc        0x0 /home/richard/.arduino15/packages/arduino/tools/arm-none-eabi-gcc/7-2017q4/bin/../lib/gcc/arm-none-eabi/7.2.1/thumb/v7-m/crtbegin.o

.text.align     0x00000000080063dc        0x4
                0x00000000080063e0                . = ALIGN (0x8)
 *fill*         0x00000000080063dc        0x4 
                0x00000000080063e0                __text_end__ = .
                0x00000000080063e0                __exidx_start = .

.ARM.exidx      0x00000000080063e0        0x8
 *(.ARM.exidx* .gnu.linkonce.armexidx.*)
 .ARM.exidx     0x00000000080063e0        0x8 ./arduino_build_437602/core/wirish/start.S.o
                0x00000000080063e8                __exidx_end = .

.data           0x0000000020000000      0x5f8 load address 0x00000000080063e8
                0x0000000020000000                __data_start__ = .
                0x0000000020000000        0x4 LONG 0x0
                0x0000000020000008                . = ALIGN (0x8)
 *fill*         0x0000000020000004        0x4 
 *(.got.plt)
 *(.got)
 *(.data .data.* .gnu.linkonce.d.*)
 .data.Config_Descriptor
                0x0000000020000008        0x8 ./arduino_build_437602/libraries/USBComposite/usb_generic.c.o
 .data.Device_Descriptor
                0x0000000020000010        0x8 ./arduino_build_437602/libraries/USBComposite/usb_generic.c.o
 .data.String_Descriptor
                0x0000000020000018       0x20 ./arduino_build_437602/libraries/USBComposite/usb_generic.c.o
 .data.disconnect_delay
                0x0000000020000038        0x4 ./arduino_build_437602/libraries/USBComposite/usb_generic.c.o
 .data.epTypes  0x000000002000003c        0x8 ./arduino_build_437602/libraries/USBComposite/usb_generic.c.o
                0x000000002000003c                epTypes
 .data.generic_string_descriptor
                0x0000000020000044        0x8 ./arduino_build_437602/libraries/USBComposite/usb_generic.c.o
 .data.my_Device_Table
                0x000000002000004c        0x2 ./arduino_build_437602/libraries/USBComposite/usb_generic.c.o
 .data.numStringDescriptors
                0x000000002000004e        0x1 ./arduino_build_437602/libraries/USBComposite/usb_generic.c.o
 .data.string_descriptor_buffer
                0x000000002000004f       0x96 ./arduino_build_437602/libraries/USBComposite/usb_generic.c.o
 .data.usbGenericDescriptor_Device
                0x00000000200000e5       0x12 ./arduino_build_437602/libraries/USBComposite/usb_generic.c.o
 *fill*         0x00000000200000f7        0x1 
 .data.HID_Hid_Descriptor
                0x00000000200000f8        0x8 ./arduino_build_437602/libraries/USBComposite/usb_hid.c.o
 .data.hidEndpoints
                0x0000000020000100        0xc ./arduino_build_437602/libraries/USBComposite/usb_hid.c.o
 .data.txEPSize
                0x000000002000010c        0x4 ./arduino_build_437602/libraries/USBComposite/usb_hid.c.o
 .data.usbHIDPart
                0x0000000020000110       0x2c ./arduino_build_437602/libraries/USBComposite/usb_hid.c.o
                0x0000000020000110                usbHIDPart
 .data.midiEndpoints
                0x000000002000013c       0x18 ./arduino_build_437602/libraries/USBComposite/usb_midi_device.c.o
 .data.myMidiChannel
                0x0000000020000154        0x1 ./arduino_build_437602/libraries/USBComposite/usb_midi_device.c.o
                0x0000000020000154                myMidiChannel
 .data.myMidiID
                0x0000000020000155        0x4 ./arduino_build_437602/libraries/USBComposite/usb_midi_device.c.o
                0x0000000020000155                myMidiID
 *fill*         0x0000000020000159        0x3 
 .data.rxEPSize
                0x000000002000015c        0x4 ./arduino_build_437602/libraries/USBComposite/usb_midi_device.c.o
 .data.usbMIDIPart
                0x0000000020000160       0x2c ./arduino_build_437602/libraries/USBComposite/usb_midi_device.c.o
                0x0000000020000160                usbMIDIPart
 .data.usb_midi_txEPSize
                0x000000002000018c        0x4 ./arduino_build_437602/libraries/USBComposite/usb_midi_device.c.o
                0x000000002000018c                usb_midi_txEPSize
 .data._ZL12raw_Keyboard
                0x0000000020000190       0x3b ./arduino_build_437602/libraries/USBComposite/HIDReports.cpp.o
 *fill*         0x00000000200001cb        0x1 
 .data.hidReportKeyboard
                0x00000000200001cc        0x4 ./arduino_build_437602/libraries/USBComposite/HIDReports.cpp.o
                0x00000000200001cc                hidReportKeyboard
 .data._ZN6wirish4priv15w_board_pll_cfgE
                0x00000000200001d0        0x8 ./arduino_build_437602/core/wirish/boards_setup.cpp.o
                0x00000000200001d0                wirish::priv::w_board_pll_cfg
 .data._ZN6wirish4priv9w_adc_preE
                0x00000000200001d8        0x2 ./arduino_build_437602/core/wirish/boards_setup.cpp.o
                0x00000000200001d8                wirish::priv::w_adc_pre
 .data._ZN6wirish4priv9w_adc_smpE
                0x00000000200001da        0x1 ./arduino_build_437602/core/wirish/boards_setup.cpp.o
                0x00000000200001da                wirish::priv::w_adc_smp
 *fill*         0x00000000200001db        0x1 
 .data._ZN6wirish4privL8pll_dataE
                0x00000000200001dc        0x4 ./arduino_build_437602/core/wirish/boards_setup.cpp.o
 .data.ADC1     0x00000000200001e0        0x4 ./arduino_build_437602/core/core.a(adc_f1.c.o)
                0x00000000200001e0                ADC1
 .data.ADC2     0x00000000200001e4        0x4 ./arduino_build_437602/core/core.a(adc_f1.c.o)
                0x00000000200001e4                ADC2
 .data.adc1     0x00000000200001e8       0x18 ./arduino_build_437602/core/core.a(adc_f1.c.o)
                0x00000000200001e8                adc1
 .data.adc2     0x0000000020000200        0x8 ./arduino_build_437602/core/core.a(adc_f1.c.o)
                0x0000000020000200                adc2
 .data.DMA1     0x0000000020000208        0x4 ./arduino_build_437602/core/core.a(dma_f1.c.o)
                0x0000000020000208                DMA1
 .data.dma1     0x000000002000020c       0x40 ./arduino_build_437602/core/core.a(dma_f1.c.o)
 .data.gpioa    0x000000002000024c        0x8 ./arduino_build_437602/core/core.a(gpio_f1.c.o)
                0x000000002000024c                gpioa
 .data.gpiob    0x0000000020000254        0x8 ./arduino_build_437602/core/core.a(gpio_f1.c.o)
                0x0000000020000254                gpiob
 .data.gpioc    0x000000002000025c        0x8 ./arduino_build_437602/core/core.a(gpio_f1.c.o)
                0x000000002000025c                gpioc
 .data.gpiod    0x0000000020000264        0x8 ./arduino_build_437602/core/core.a(gpio_f1.c.o)
                0x0000000020000264                gpiod
 .data.i2c1     0x000000002000026c       0x38 ./arduino_build_437602/core/core.a(i2c_f1.c.o)
 .data.i2c2     0x00000000200002a4       0x38 ./arduino_build_437602/core/core.a(i2c_f1.c.o)
 .data.enable_regs.4454
                0x00000000200002dc        0xc ./arduino_build_437602/core/core.a(rcc_f1.c.o)
 .data.enable_regs.4467
                0x00000000200002e8        0xc ./arduino_build_437602/core/core.a(rcc_f1.c.o)
 .data.reset_regs.4458
                0x00000000200002f4        0x8 ./arduino_build_437602/core/core.a(rcc_f1.c.o)
 .data.timer1   0x00000000200002fc       0x28 ./arduino_build_437602/core/core.a(timer.c.o)
                0x00000000200002fc                timer1
 .data.timer2   0x0000000020000324       0x24 ./arduino_build_437602/core/core.a(timer.c.o)
                0x0000000020000324                timer2
 .data.timer3   0x0000000020000348       0x24 ./arduino_build_437602/core/core.a(timer.c.o)
                0x0000000020000348                timer3
 .data.timer4   0x000000002000036c       0x24 ./arduino_build_437602/core/core.a(timer.c.o)
                0x000000002000036c                timer4
 .data.USART1   0x0000000020000390        0x4 ./arduino_build_437602/core/core.a(usart_f1.c.o)
                0x0000000020000390                USART1
 .data.USART2   0x0000000020000394        0x4 ./arduino_build_437602/core/core.a(usart_f1.c.o)
                0x0000000020000394                USART2
 .data.USART3   0x0000000020000398        0x4 ./arduino_build_437602/core/core.a(usart_f1.c.o)
                0x0000000020000398                USART3
 .data.usart1   0x000000002000039c       0x94 ./arduino_build_437602/core/core.a(usart_f1.c.o)
 .data.usart2   0x0000000020000430       0x94 ./arduino_build_437602/core/core.a(usart_f1.c.o)
 .data.usart3   0x00000000200004c4       0x94 ./arduino_build_437602/core/core.a(usart_f1.c.o)
 .data.USBLIB   0x0000000020000558        0x4 ./arduino_build_437602/core/core.a(usb.c.o)
                0x0000000020000558                USBLIB
 .data.usblib   0x000000002000055c       0x10 ./arduino_build_437602/core/core.a(usb.c.o)
 .data.Config_Descriptor
                0x000000002000056c        0x8 ./arduino_build_437602/core/core.a(usb_cdcacm.c.o)
 .data.Device_Descriptor
                0x0000000020000574        0x8 ./arduino_build_437602/core/core.a(usb_cdcacm.c.o)
 .data.Device_Property
                0x000000002000057c       0x30 ./arduino_build_437602/core/core.a(usb_cdcacm.c.o)
                0x000000002000057c                Device_Property
 .data.Device_Table
                0x00000000200005ac        0x2 ./arduino_build_437602/core/core.a(usb_cdcacm.c.o)
                0x00000000200005ac                Device_Table
 *fill*         0x00000000200005ae        0x2 
 .data.String_Descriptor
                0x00000000200005b0       0x18 ./arduino_build_437602/core/core.a(usb_cdcacm.c.o)
 .data.User_Standard_Requests
                0x00000000200005c8       0x24 ./arduino_build_437602/core/core.a(usb_cdcacm.c.o)
                0x00000000200005c8                User_Standard_Requests
 .data.line_coding
                0x00000000200005ec        0x7 ./arduino_build_437602/core/core.a(usb_cdcacm.c.o)
                0x00000000200005f8                . = ALIGN (0x8)
 *fill*         0x00000000200005f3        0x5 
                0x00000000200005f8                __data_end__ = .

.igot.plt       0x00000000200005f8        0x0 load address 0x00000000080069e0
 .igot.plt      0x00000000200005f8        0x0 /home/richard/.arduino15/packages/arduino/tools/arm-none-eabi-gcc/7-2017q4/bin/../lib/gcc/arm-none-eabi/7.2.1/thumb/v7-m/crtbegin.o

.rodata         0x00000000080069e0      0xf78
 *(.rodata .rodata.* .gnu.linkonce.r.*)
 .rodata._Z5setupv.str1.1
                0x00000000080069e0       0x28 ./arduino_build_437602/sketch/USBMidiHidPedalBoard.ino.cpp.o
 .rodata._ZL10ScanParams
                0x0000000008006a08      0x840 ./arduino_build_437602/sketch/USBMidiHidPedalBoard.ino.cpp.o
 .rodata._ZL3pin
                0x0000000008007248      0x1a4 ./arduino_build_437602/sketch/USBMidiHidPedalBoard.ino.cpp.o
 .rodata.standardIDResponse
                0x00000000080073ec       0x18 ./arduino_build_437602/libraries/USBComposite/MinSysex.c.o
                0x00000000080073ec                standardIDResponse
 .rodata.Base_Header
                0x0000000008007404        0x9 ./arduino_build_437602/libraries/USBComposite/usb_generic.c.o
 .rodata.DEFAULT_MANUFACTURER
                0x000000000800740d        0x9 ./arduino_build_437602/libraries/USBComposite/usb_generic.c.o
                0x000000000800740d                DEFAULT_MANUFACTURER
 .rodata.DEFAULT_PRODUCT
                0x0000000008007416        0x6 ./arduino_build_437602/libraries/USBComposite/usb_generic.c.o
                0x0000000008007416                DEFAULT_PRODUCT
 .rodata.my_Device_Property
                0x000000000800741c       0x30 ./arduino_build_437602/libraries/USBComposite/usb_generic.c.o
 .rodata.my_User_Standard_Requests
                0x000000000800744c       0x24 ./arduino_build_437602/libraries/USBComposite/usb_generic.c.o
 .rodata.usb_LangID
                0x0000000008007470        0x4 ./arduino_build_437602/libraries/USBComposite/usb_generic.c.o
 .rodata.hidPartConfigData
                0x0000000008007474       0x19 ./arduino_build_437602/libraries/USBComposite/usb_hid.c.o
 .rodata.usbMIDIDescriptor_Config
                0x000000000800748d       0x58 ./arduino_build_437602/libraries/USBComposite/usb_midi_device.c.o
 *fill*         0x00000000080074e5        0x3 
 .rodata._ZL13desc_Keyboard
                0x00000000080074e8        0x8 ./arduino_build_437602/libraries/USBComposite/HIDReports.cpp.o
 .rodata._ZL12ascii_to_hid
                0x00000000080074f0       0x80 ./arduino_build_437602/libraries/USBComposite/Keyboard.cpp.o
 .rodata._ZTV11HIDKeyboard
                0x0000000008007570       0x20 ./arduino_build_437602/libraries/USBComposite/Keyboard.cpp.o
                0x0000000008007570                vtable for HIDKeyboard
 .rodata._ZTV7USBMIDI
                0x0000000008007590       0x48 ./arduino_build_437602/libraries/USBComposite/USBMIDI.cpp.o
                0x0000000008007590                vtable for USBMIDI
 .rodata.PIN_MAP
                0x00000000080075d8      0x230 ./arduino_build_437602/core/board.cpp.o
                0x00000000080075d8                PIN_MAP
 .rodata.GPIOA  0x0000000008007808        0x4 ./arduino_build_437602/core/core.a(gpio_f1.c.o)
                0x0000000008007808                GPIOA
 .rodata.GPIOC  0x000000000800780c        0x4 ./arduino_build_437602/core/core.a(gpio_f1.c.o)
                0x000000000800780c                GPIOC
 .rodata.masks.4463
                0x0000000008007810       0x14 ./arduino_build_437602/core/core.a(rcc_f1.c.o)
 .rodata.rcc_dev_table
                0x0000000008007824       0x5c ./arduino_build_437602/core/core.a(rcc_f1.c.o)
                0x0000000008007824                rcc_dev_table
 .rodata.usbVcomDescriptor_Config
                0x0000000008007880       0x43 ./arduino_build_437602/core/core.a(usb_cdcacm.c.o)
 .rodata.usbVcomDescriptor_Device
                0x00000000080078c3       0x12 ./arduino_build_437602/core/core.a(usb_cdcacm.c.o)
 .rodata.usbVcomDescriptor_LangID
                0x00000000080078d5        0x4 ./arduino_build_437602/core/core.a(usb_cdcacm.c.o)
 .rodata.usbVcomDescriptor_iManufacturer
                0x00000000080078d9       0x12 ./arduino_build_437602/core/core.a(usb_cdcacm.c.o)
 .rodata.usbVcomDescriptor_iProduct
                0x00000000080078eb        0xc ./arduino_build_437602/core/core.a(usb_cdcacm.c.o)
 *fill*         0x00000000080078f7        0x1 
 .rodata._ZTV14HardwareSerial
                0x00000000080078f8       0x24 ./arduino_build_437602/core/core.a(HardwareSerial.cpp.o)
                0x00000000080078f8                vtable for HardwareSerial
 .rodata._ZTV5Print
                0x000000000800791c       0x14 ./arduino_build_437602/core/core.a(Print.cpp.o)
                0x000000000800791c                vtable for Print
 .rodata._ZTV9USBSerial
                0x0000000008007930       0x24 ./arduino_build_437602/core/core.a(usb_serial.cpp.o)
                0x0000000008007930                vtable for USBSerial
 *(.USER_FLASH)
                0x0000000008007954                . = ALIGN (0x4)
                0x0000000008007954                _lm_rom_img_cfgp = .
                0x0000000008007954        0x4 LONG 0x80063e8 LOADADDR (.data)
                0x0000000020001798                _lm_heap_start = DEFINED (_lm_heap_start)?_lm_heap_start:_end
                0x0000000020005000                _lm_heap_end = DEFINED (_lm_heap_end)?_lm_heap_end:__msp_init

.rel.dyn        0x0000000008007958        0x0
 .rel.iplt      0x0000000008007958        0x0 /home/richard/.arduino15/packages/arduino/tools/arm-none-eabi-gcc/7-2017q4/bin/../lib/gcc/arm-none-eabi/7.2.1/thumb/v7-m/crtbegin.o

.bss            0x00000000200005f8     0x11a0
                0x00000000200005f8                . = ALIGN (0x8)
                0x00000000200005f8                __bss_start__ = .
 *(.bss .bss.* .gnu.linkonce.b.*)
 .bss           0x00000000200005f8       0x1c /home/richard/.arduino15/packages/arduino/tools/arm-none-eabi-gcc/7-2017q4/bin/../lib/gcc/arm-none-eabi/7.2.1/thumb/v7-m/crtbegin.o
 .bss.HID       0x0000000020000614       0x1c ./arduino_build_437602/sketch/USBMidiHidPedalBoard.ino.cpp.o
                0x0000000020000614                HID
 .bss.Keyboard  0x0000000020000630       0x64 ./arduino_build_437602/sketch/USBMidiHidPedalBoard.ino.cpp.o
                0x0000000020000630                Keyboard
 .bss.ScanImage
                0x0000000020000694      0x7e0 ./arduino_build_437602/sketch/USBMidiHidPedalBoard.ino.cpp.o
                0x0000000020000694                ScanImage
 .bss.UserConfig
                0x0000000020000e74        0x4 ./arduino_build_437602/sketch/USBMidiHidPedalBoard.ino.cpp.o
                0x0000000020000e74                UserConfig
 .bss._ZZ6IOScanvE10ip_sr_data
                0x0000000020000e78        0x4 ./arduino_build_437602/sketch/USBMidiHidPedalBoard.ino.cpp.o
 .bss._ZZ6IOScanvE10op_sr_data
                0x0000000020000e7c        0x4 ./arduino_build_437602/sketch/USBMidiHidPedalBoard.ino.cpp.o
 .bss._ZZ6IOScanvE11op_sr_clock
                0x0000000020000e80        0x4 ./arduino_build_437602/sketch/USBMidiHidPedalBoard.ino.cpp.o
 .bss._ZZ6IOScanvE13lastTimestamp
                0x0000000020000e84        0x4 ./arduino_build_437602/sketch/USBMidiHidPedalBoard.ino.cpp.o
 .bss._ZZ6IOScanvE13num_sr_clocks
                0x0000000020000e88        0x4 ./arduino_build_437602/sketch/USBMidiHidPedalBoard.ino.cpp.o
 .bss._ZZ6IOScanvE5adcId
                0x0000000020000e8c        0x4 ./arduino_build_437602/sketch/USBMidiHidPedalBoard.ino.cpp.o
 .bss._ZZ6IOScanvE6gpioId
                0x0000000020000e90        0x4 ./arduino_build_437602/sketch/USBMidiHidPedalBoard.ino.cpp.o
 .bss._ZZ6IOScanvE6scanId
                0x0000000020000e94        0x4 ./arduino_build_437602/sketch/USBMidiHidPedalBoard.ino.cpp.o
 .bss.adcHistory
                0x0000000020000e98       0x50 ./arduino_build_437602/sketch/USBMidiHidPedalBoard.ino.cpp.o
                0x0000000020000e98                adcHistory
 .bss.midi      0x0000000020000ee8       0x14 ./arduino_build_437602/sketch/USBMidiHidPedalBoard.ino.cpp.o
                0x0000000020000ee8                midi
 .bss.sysexFinger
                0x0000000020000efc        0x4 ./arduino_build_437602/libraries/USBComposite/MinSysex.c.o
                0x0000000020000efc                sysexFinger
 .bss.control_rx_buffer
                0x0000000020000f00        0x4 ./arduino_build_437602/libraries/USBComposite/usb_generic.c.o
 .bss.control_rx_done
                0x0000000020000f04        0x4 ./arduino_build_437602/libraries/USBComposite/usb_generic.c.o
 .bss.control_rx_length
                0x0000000020000f08        0x2 ./arduino_build_437602/libraries/USBComposite/usb_generic.c.o
 *fill*         0x0000000020000f0a        0x2 
 .bss.control_tx_buffer
                0x0000000020000f0c        0x4 ./arduino_build_437602/libraries/USBComposite/usb_generic.c.o
 .bss.control_tx_chunk_buffer
                0x0000000020000f10       0x40 ./arduino_build_437602/libraries/USBComposite/usb_generic.c.o
 .bss.control_tx_chunk_list
                0x0000000020000f50        0x4 ./arduino_build_437602/libraries/USBComposite/usb_generic.c.o
 .bss.control_tx_done
                0x0000000020000f54        0x4 ./arduino_build_437602/libraries/USBComposite/usb_generic.c.o
 .bss.control_tx_length
                0x0000000020000f58        0x2 ./arduino_build_437602/libraries/USBComposite/usb_generic.c.o
 *fill*         0x0000000020000f5a        0x2 
 .bss.ep_int_in
                0x0000000020000f5c       0x1c ./arduino_build_437602/libraries/USBComposite/usb_generic.c.o
 .bss.ep_int_out
                0x0000000020000f78       0x1c ./arduino_build_437602/libraries/USBComposite/usb_generic.c.o
 .bss.minimum_address
                0x0000000020000f94        0x1 ./arduino_build_437602/libraries/USBComposite/usb_generic.c.o
 *fill*         0x0000000020000f95        0x3 
 .bss.numParts  0x0000000020000f98        0x4 ./arduino_build_437602/libraries/USBComposite/usb_generic.c.o
 .bss.parts     0x0000000020000f9c        0x4 ./arduino_build_437602/libraries/USBComposite/usb_generic.c.o
 .bss.saved_Device_Property
                0x0000000020000fa0       0x30 ./arduino_build_437602/libraries/USBComposite/usb_generic.c.o
 .bss.saved_Device_Table
                0x0000000020000fd0        0x2 ./arduino_build_437602/libraries/USBComposite/usb_generic.c.o
 *fill*         0x0000000020000fd2        0x2 
 .bss.saved_User_Standard_Requests
                0x0000000020000fd4       0x24 ./arduino_build_437602/libraries/USBComposite/usb_generic.c.o
 .bss.usbConfig
                0x0000000020000ff8       0xd1 ./arduino_build_437602/libraries/USBComposite/usb_generic.c.o
 *fill*         0x00000000200010c9        0x3 
 .bss.ProtocolValue
                0x00000000200010cc        0x4 ./arduino_build_437602/libraries/USBComposite/usb_hid.c.o
 .bss.hidBufferTx
                0x00000000200010d0      0x100 ./arduino_build_437602/libraries/USBComposite/usb_hid.c.o
 .bss.hidBuffers
                0x00000000200011d0       0x60 ./arduino_build_437602/libraries/USBComposite/usb_hid.c.o
 .bss.hid_tx_head
                0x0000000020001230        0x4 ./arduino_build_437602/libraries/USBComposite/usb_hid.c.o
 .bss.hid_tx_tail
                0x0000000020001234        0x4 ./arduino_build_437602/libraries/USBComposite/usb_hid.c.o
 .bss.reportDescriptorChunks
                0x0000000020001238        0x4 ./arduino_build_437602/libraries/USBComposite/usb_hid.c.o
 .bss.transmitting
                0x000000002000123c        0x1 ./arduino_build_437602/libraries/USBComposite/usb_hid.c.o
 *fill*         0x000000002000123d        0x3 
 .bss.midiBufferRx
                0x0000000020001240       0x40 ./arduino_build_437602/libraries/USBComposite/usb_midi_device.c.o
 .bss.n_unread_packets
                0x0000000020001280        0x4 ./arduino_build_437602/libraries/USBComposite/usb_midi_device.c.o
 .bss.n_unsent_packets
                0x0000000020001284        0x4 ./arduino_build_437602/libraries/USBComposite/usb_midi_device.c.o
 .bss.rx_offset
                0x0000000020001288        0x4 ./arduino_build_437602/libraries/USBComposite/usb_midi_device.c.o
 .bss.transmitting
                0x000000002000128c        0x1 ./arduino_build_437602/libraries/USBComposite/usb_midi_device.c.o
 *fill*         0x000000002000128d        0x3 
 .bss.USBComposite
                0x0000000020001290       0x78 ./arduino_build_437602/libraries/USBComposite/USBComposite.cpp.o
                0x0000000020001290                USBComposite
 .bss._ZL9outPacket
                0x0000000020001308        0x4 ./arduino_build_437602/libraries/USBComposite/USBMIDI.cpp.o
 .bss.Serial1   0x000000002000130c       0x18 ./arduino_build_437602/core/board.cpp.o
                0x000000002000130c                Serial1
 .bss.Serial2   0x0000000020001324       0x18 ./arduino_build_437602/core/board.cpp.o
                0x0000000020001324                Serial2
 .bss.Serial3   0x000000002000133c       0x18 ./arduino_build_437602/core/board.cpp.o
                0x000000002000133c                Serial3
 .bss.exti_channels
                0x0000000020001354       0x80 ./arduino_build_437602/core/core.a(exti.c.o)
                0x0000000020001354                exti_channels
 .bss.systick_user_callback
                0x00000000200013d4        0x4 ./arduino_build_437602/core/core.a(systick.c.o)
 .bss.usart1_rb
                0x00000000200013d8        0xc ./arduino_build_437602/core/core.a(usart_f1.c.o)
 .bss.usart1_wb
                0x00000000200013e4        0xc ./arduino_build_437602/core/core.a(usart_f1.c.o)
 .bss.usart2_rb
                0x00000000200013f0        0xc ./arduino_build_437602/core/core.a(usart_f1.c.o)
 .bss.usart2_wb
                0x00000000200013fc        0xc ./arduino_build_437602/core/core.a(usart_f1.c.o)
 .bss.usart3_rb
                0x0000000020001408        0xc ./arduino_build_437602/core/core.a(usart_f1.c.o)
 .bss.usart3_wb
                0x0000000020001414        0xc ./arduino_build_437602/core/core.a(usart_f1.c.o)
 .bss.iface_setup_hook
                0x0000000020001420        0x4 ./arduino_build_437602/core/core.a(usb_cdcacm.c.o)
 .bss.line_dtr_rts
                0x0000000020001424        0x1 ./arduino_build_437602/core/core.a(usb_cdcacm.c.o)
 *fill*         0x0000000020001425        0x3 
 .bss.rx_head   0x0000000020001428        0x4 ./arduino_build_437602/core/core.a(usb_cdcacm.c.o)
 .bss.rx_tail   0x000000002000142c        0x4 ./arduino_build_437602/core/core.a(usb_cdcacm.c.o)
 .bss.transmitting
                0x0000000020001430        0x1 ./arduino_build_437602/core/core.a(usb_cdcacm.c.o)
 *fill*         0x0000000020001431        0x3 
 .bss.tx_head   0x0000000020001434        0x4 ./arduino_build_437602/core/core.a(usb_cdcacm.c.o)
 .bss.tx_tail   0x0000000020001438        0x4 ./arduino_build_437602/core/core.a(usb_cdcacm.c.o)
 .bss.vcomBufferRx
                0x000000002000143c      0x100 ./arduino_build_437602/core/core.a(usb_cdcacm.c.o)
 .bss.vcomBufferTx
                0x000000002000153c      0x100 ./arduino_build_437602/core/core.a(usb_cdcacm.c.o)
 .bss.Data_Mul_MaxPacketSize
                0x000000002000163c        0x1 ./arduino_build_437602/core/core.a(usb_core.c.o)
                0x000000002000163c                Data_Mul_MaxPacketSize
 *fill*         0x000000002000163d        0x3 
 .bss.Serial    0x0000000020001640       0x10 ./arduino_build_437602/core/core.a(usb_serial.cpp.o)
                0x0000000020001640                Serial
 .bss._ZN9USBSerial11_isBlockingE
                0x0000000020001650        0x1 ./arduino_build_437602/core/core.a(usb_serial.cpp.o)
                0x0000000020001650                USBSerial::_isBlocking
 *(COMMON)
 COMMON         0x0000000020001651      0x101 ./arduino_build_437602/libraries/USBComposite/MinSysex.c.o
                0x0000000020001651                sysexState
                0x0000000020001652                sysexBuffer
 *fill*         0x0000000020001752        0x2 
 COMMON         0x0000000020001754        0x4 ./arduino_build_437602/core/core.a(systick.c.o)
                0x0000000020001754                systick_uptime_millis
 COMMON         0x0000000020001758        0x6 ./arduino_build_437602/core/core.a(usb.c.o)
                0x0000000020001758                SaveRState
                0x000000002000175a                SaveTState
                0x000000002000175c                ResumeS
 COMMON         0x000000002000175e        0x2 ./arduino_build_437602/core/core.a(usb_core.c.o)
                0x000000002000175e                StatusInfo
 COMMON         0x0000000020001760       0x32 ./arduino_build_437602/core/core.a(usb_init.c.o)
                0x0000000020001760                SaveState
                0x0000000020001764                pProperty
                0x0000000020001768                EPindex
                0x000000002000176c                Device_Info
                0x0000000020001788                pUser_Standard_Requests
                0x000000002000178c                pInformation
                0x0000000020001790                wInterrupt_Mask
                0x0000000020001798                . = ALIGN (0x8)
 *fill*         0x0000000020001792        0x6 
                0x0000000020001798                __bss_end__ = .
                0x0000000020001798                _end = __bss_end__

.stab
 *(.stab)

.stabstr
 *(.stabstr)

.debug
 *(.debug)

.line
 *(.line)

.debug_srcinfo
 *(.debug_srcinfo)

.debug_sfnames
 *(.debug_sfnames)

.debug_aranges  0x0000000000000000     0x13d0
 *(.debug_aranges)
 .debug_aranges
                0x0000000000000000       0x40 ./arduino_build_437602/sketch/USBMidiHidPedalBoard.ino.cpp.o
 .debug_aranges
                0x0000000000000040       0x28 ./arduino_build_437602/libraries/USBComposite/MinSysex.c.o
 .debug_aranges
                0x0000000000000068      0x118 ./arduino_build_437602/libraries/USBComposite/usb_generic.c.o
 .debug_aranges
                0x0000000000000180       0x98 ./arduino_build_437602/libraries/USBComposite/usb_hid.c.o
 .debug_aranges
                0x0000000000000218       0x88 ./arduino_build_437602/libraries/USBComposite/usb_midi_device.c.o
 .debug_aranges
                0x00000000000002a0       0x18 ./arduino_build_437602/libraries/USBComposite/HIDReports.cpp.o
 .debug_aranges
                0x00000000000002b8       0x50 ./arduino_build_437602/libraries/USBComposite/Keyboard.cpp.o
 .debug_aranges
                0x0000000000000308       0x80 ./arduino_build_437602/libraries/USBComposite/USBComposite.cpp.o
 .debug_aranges
                0x0000000000000388       0xd0 ./arduino_build_437602/libraries/USBComposite/USBHID.cpp.o
 .debug_aranges
                0x0000000000000458      0x128 ./arduino_build_437602/libraries/USBComposite/USBMIDI.cpp.o
 .debug_aranges
                0x0000000000000580       0x20 ./arduino_build_437602/libraries/USBComposite/usb_setup.cpp.o
 .debug_aranges
                0x00000000000005a0       0x20 ./arduino_build_437602/core/wirish/start.S.o
 .debug_aranges
                0x00000000000005c0       0x20 ./arduino_build_437602/core/wirish/start_c.c.o
 .debug_aranges
                0x00000000000005e0       0x28 ./arduino_build_437602/core/board.cpp.o
 .debug_aranges
                0x0000000000000608       0x40 ./arduino_build_437602/core/wirish/boards.cpp.o
 .debug_aranges
                0x0000000000000648       0x40 ./arduino_build_437602/core/wirish/boards_setup.cpp.o
 .debug_aranges
                0x0000000000000688       0x20 ./arduino_build_437602/core/core.a(exc.S.o)
 .debug_aranges
                0x00000000000006a8       0x20 ./arduino_build_437602/core/core.a(isrs.S.o)
 .debug_aranges
                0x00000000000006c8       0x38 ./arduino_build_437602/core/core.a(adc.c.o)
 .debug_aranges
                0x0000000000000700       0x58 ./arduino_build_437602/core/core.a(adc_f1.c.o)
 .debug_aranges
                0x0000000000000758       0xb0 ./arduino_build_437602/core/core.a(dma_f1.c.o)
 .debug_aranges
                0x0000000000000808       0x80 ./arduino_build_437602/core/core.a(exti.c.o)
 .debug_aranges
                0x0000000000000888       0x20 ./arduino_build_437602/core/core.a(flash.c.o)
 .debug_aranges
                0x00000000000008a8       0x48 ./arduino_build_437602/core/core.a(gpio_f1.c.o)
 .debug_aranges
                0x00000000000008f0       0x50 ./arduino_build_437602/core/core.a(i2c_f1.c.o)
 .debug_aranges
                0x0000000000000940       0x38 ./arduino_build_437602/core/core.a(nvic.c.o)
 .debug_aranges
                0x0000000000000978       0x48 ./arduino_build_437602/core/core.a(rcc.c.o)
 .debug_aranges
                0x00000000000009c0       0x48 ./arduino_build_437602/core/core.a(rcc_f1.c.o)
 .debug_aranges
                0x0000000000000a08       0x40 ./arduino_build_437602/core/core.a(systick.c.o)
 .debug_aranges
                0x0000000000000a48       0xb0 ./arduino_build_437602/core/core.a(timer.c.o)
 .debug_aranges
                0x0000000000000af8       0x50 ./arduino_build_437602/core/core.a(usart_f1.c.o)
 .debug_aranges
                0x0000000000000b48       0x40 ./arduino_build_437602/core/core.a(usb.c.o)
 .debug_aranges
                0x0000000000000b88      0x130 ./arduino_build_437602/core/core.a(usb_cdcacm.c.o)
 .debug_aranges
                0x0000000000000cb8       0x20 ./arduino_build_437602/core/core.a(usb_reg_map.c.o)
 .debug_aranges
                0x0000000000000cd8       0x98 ./arduino_build_437602/core/core.a(usb_core.c.o)
 .debug_aranges
                0x0000000000000d70       0x20 ./arduino_build_437602/core/core.a(usb_init.c.o)
 .debug_aranges
                0x0000000000000d90       0x28 ./arduino_build_437602/core/core.a(usb_mem.c.o)
 .debug_aranges
                0x0000000000000db8      0x1a0 ./arduino_build_437602/core/core.a(usb_regs.c.o)
 .debug_aranges
                0x0000000000000f58       0x50 ./arduino_build_437602/core/core.a(util.c.o)
 .debug_aranges
                0x0000000000000fa8       0x70 ./arduino_build_437602/core/core.a(HardwareSerial.cpp.o)
 .debug_aranges
                0x0000000000001018      0x110 ./arduino_build_437602/core/core.a(Print.cpp.o)
 .debug_aranges
                0x0000000000001128       0x28 ./arduino_build_437602/core/core.a(cxxabi-compat.cpp.o)
 .debug_aranges
                0x0000000000001150       0x28 ./arduino_build_437602/core/core.a(main.cpp.o)
 .debug_aranges
                0x0000000000001178       0x28 ./arduino_build_437602/core/core.a(wirish_debug.cpp.o)
 .debug_aranges
                0x00000000000011a0       0x20 ./arduino_build_437602/core/core.a(wirish_digital_f1.cpp.o)
 .debug_aranges
                0x00000000000011c0       0xd8 ./arduino_build_437602/core/core.a(usb_serial.cpp.o)
 .debug_aranges
                0x0000000000001298       0x20 ./arduino_build_437602/core/core.a(wirish_analog.cpp.o)
 .debug_aranges
                0x00000000000012b8       0x28 ./arduino_build_437602/core/core.a(wirish_digital.cpp.o)
 .debug_aranges
                0x00000000000012e0       0x20 ./arduino_build_437602/core/core.a(gpio.c.o)
 .debug_aranges
                0x0000000000001300       0x88 ./arduino_build_437602/core/core.a(i2c.c.o)
 .debug_aranges
                0x0000000000001388       0x48 ./arduino_build_437602/core/core.a(usart.c.o)

.debug_pubnames
 *(.debug_pubnames)

.debug_info     0x0000000000000000    0x49c46
 *(.debug_info .gnu.linkonce.wi.*)
 .debug_info    0x0000000000000000     0x4cea ./arduino_build_437602/sketch/USBMidiHidPedalBoard.ino.cpp.o
 .debug_info    0x0000000000004cea      0xc44 ./arduino_build_437602/libraries/USBComposite/MinSysex.c.o
 .debug_info    0x000000000000592e     0x393c ./arduino_build_437602/libraries/USBComposite/usb_generic.c.o
 .debug_info    0x000000000000926a     0x235b ./arduino_build_437602/libraries/USBComposite/usb_hid.c.o
 .debug_info    0x000000000000b5c5     0x2041 ./arduino_build_437602/libraries/USBComposite/usb_midi_device.c.o
 .debug_info    0x000000000000d606     0x28d5 ./arduino_build_437602/libraries/USBComposite/HIDReports.cpp.o
 .debug_info    0x000000000000fedb     0x3265 ./arduino_build_437602/libraries/USBComposite/Keyboard.cpp.o
 .debug_info    0x0000000000013140     0x3beb ./arduino_build_437602/libraries/USBComposite/USBComposite.cpp.o
 .debug_info    0x0000000000016d2b     0x4d63 ./arduino_build_437602/libraries/USBComposite/USBHID.cpp.o
 .debug_info    0x000000000001ba8e     0x4e12 ./arduino_build_437602/libraries/USBComposite/USBMIDI.cpp.o
 .debug_info    0x00000000000208a0      0xe96 ./arduino_build_437602/libraries/USBComposite/usb_setup.cpp.o
 .debug_info    0x0000000000021736       0x26 ./arduino_build_437602/core/wirish/start.S.o
 .debug_info    0x000000000002175c      0x131 ./arduino_build_437602/core/wirish/start_c.c.o
 .debug_info    0x000000000002188d     0x1e24 ./arduino_build_437602/core/board.cpp.o
 .debug_info    0x00000000000236b1     0x1695 ./arduino_build_437602/core/wirish/boards.cpp.o